{DEBUG} [2013-06-04 21:52:21,849] <org.springframework.core.env.StandardEnvironment 112> : Initializing new StandardEnvironment
{DEBUG} [2013-06-04 21:52:21,849] <org.springframework.core.env.StandardEnvironment 107> : Adding [systemProperties] PropertySource with lowest search precedence
{DEBUG} [2013-06-04 21:52:21,865] <org.springframework.core.env.StandardEnvironment 107> : Adding [systemEnvironment] PropertySource with lowest search precedence
{DEBUG} [2013-06-04 21:52:21,865] <org.springframework.core.env.StandardEnvironment 116> : Initialized StandardEnvironment with PropertySources [systemProperties,systemEnvironment]
{INFO } [2013-06-04 21:52:21,880] <org.springframework.context.support.ClassPathXmlApplicationContext 510> : Refreshing org.springframework.context.support.ClassPathXmlApplicationContext@12c3327: startup date [Tue Jun 04 21:52:21 CST 2013]; root of context hierarchy
{DEBUG} [2013-06-04 21:52:21,927] <org.springframework.core.env.StandardEnvironment 112> : Initializing new StandardEnvironment
{DEBUG} [2013-06-04 21:52:21,927] <org.springframework.core.env.StandardEnvironment 107> : Adding [systemProperties] PropertySource with lowest search precedence
{DEBUG} [2013-06-04 21:52:21,927] <org.springframework.core.env.StandardEnvironment 107> : Adding [systemEnvironment] PropertySource with lowest search precedence
{DEBUG} [2013-06-04 21:52:21,927] <org.springframework.core.env.StandardEnvironment 116> : Initialized StandardEnvironment with PropertySources [systemProperties,systemEnvironment]
{DEBUG} [2013-06-04 21:52:21,927] <org.springframework.core.env.StandardEnvironment 112> : Initializing new StandardEnvironment
{DEBUG} [2013-06-04 21:52:21,927] <org.springframework.core.env.StandardEnvironment 107> : Adding [systemProperties] PropertySource with lowest search precedence
{DEBUG} [2013-06-04 21:52:21,927] <org.springframework.core.env.StandardEnvironment 107> : Adding [systemEnvironment] PropertySource with lowest search precedence
{DEBUG} [2013-06-04 21:52:21,927] <org.springframework.core.env.StandardEnvironment 116> : Initialized StandardEnvironment with PropertySources [systemProperties,systemEnvironment]
{INFO } [2013-06-04 21:52:21,943] <org.springframework.beans.factory.xml.XmlBeanDefinitionReader 315> : Loading XML bean definitions from class path resource [spring-config.xml]
{DEBUG} [2013-06-04 21:52:21,974] <org.springframework.beans.factory.xml.DefaultDocumentLoader 72> : Using JAXP provider [org.apache.xerces.jaxp.DocumentBuilderFactoryImpl]
{DEBUG} [2013-06-04 21:52:22,114] <org.springframework.beans.factory.xml.PluggableSchemaResolver 140> : Loading schema mappings from [META-INF/spring.schemas]
{DEBUG} [2013-06-04 21:52:22,114] <org.springframework.beans.factory.xml.PluggableSchemaResolver 146> : Loaded schema mappings: {http://www.springframework.org/schema/util/spring-util.xsd=org/springframework/beans/factory/xml/spring-util-3.2.xsd, http://www.springframework.org/schema/jee/spring-jee-3.2.xsd=org/springframework/ejb/config/spring-jee-3.2.xsd, http://www.springframework.org/schema/beans/spring-beans-3.1.xsd=org/springframework/beans/factory/xml/spring-beans-3.1.xsd, http://www.springframework.org/schema/task/spring-task.xsd=org/springframework/scheduling/config/spring-task-3.2.xsd, http://www.springframework.org/schema/cache/spring-cache.xsd=org/springframework/cache/config/spring-cache-3.2.xsd, http://www.springframework.org/schema/aop/spring-aop-3.0.xsd=org/springframework/aop/config/spring-aop-3.0.xsd, http://www.springframework.org/schema/task/spring-task-3.1.xsd=org/springframework/scheduling/config/spring-task-3.1.xsd, http://www.springframework.org/schema/aop/spring-aop-2.0.xsd=org/springframework/aop/config/spring-aop-2.0.xsd, http://www.springframework.org/schema/tool/spring-tool-2.5.xsd=org/springframework/beans/factory/xml/spring-tool-2.5.xsd, http://www.springframework.org/schema/beans/spring-beans.xsd=org/springframework/beans/factory/xml/spring-beans-3.2.xsd, http://www.springframework.org/schema/jee/spring-jee-2.5.xsd=org/springframework/ejb/config/spring-jee-2.5.xsd, http://www.springframework.org/schema/jdbc/spring-jdbc-3.1.xsd=org/springframework/jdbc/config/spring-jdbc-3.1.xsd, http://www.springframework.org/schema/tool/spring-tool-3.1.xsd=org/springframework/beans/factory/xml/spring-tool-3.1.xsd, http://www.springframework.org/schema/jee/spring-jee-3.1.xsd=org/springframework/ejb/config/spring-jee-3.1.xsd, http://www.springframework.org/schema/aop/spring-aop.xsd=org/springframework/aop/config/spring-aop-3.2.xsd, http://www.springframework.org/schema/tx/spring-tx-3.2.xsd=org/springframework/transaction/config/spring-tx-3.2.xsd, http://www.springframework.org/schema/context/spring-context-3.2.xsd=org/springframework/context/config/spring-context-3.2.xsd, http://www.springframework.org/schema/util/spring-util-3.2.xsd=org/springframework/beans/factory/xml/spring-util-3.2.xsd, http://www.springframework.org/schema/beans/spring-beans-2.0.xsd=org/springframework/beans/factory/xml/spring-beans-2.0.xsd, http://www.springframework.org/schema/lang/spring-lang-3.2.xsd=org/springframework/scripting/config/spring-lang-3.2.xsd, http://www.springframework.org/schema/beans/spring-beans-3.0.xsd=org/springframework/beans/factory/xml/spring-beans-3.0.xsd, http://www.springframework.org/schema/cache/spring-cache-3.2.xsd=org/springframework/cache/config/spring-cache-3.2.xsd, http://www.springframework.org/schema/task/spring-task-3.0.xsd=org/springframework/scheduling/config/spring-task-3.0.xsd, http://www.springframework.org/schema/tx/spring-tx-2.5.xsd=org/springframework/transaction/config/spring-tx-2.5.xsd, http://www.springframework.org/schema/context/spring-context-2.5.xsd=org/springframework/context/config/spring-context-2.5.xsd, http://www.springframework.org/schema/jdbc/spring-jdbc-3.0.xsd=org/springframework/jdbc/config/spring-jdbc-3.0.xsd, http://www.springframework.org/schema/tool/spring-tool-3.0.xsd=org/springframework/beans/factory/xml/spring-tool-3.0.xsd, http://www.springframework.org/schema/util/spring-util-2.5.xsd=org/springframework/beans/factory/xml/spring-util-2.5.xsd, http://www.springframework.org/schema/tool/spring-tool-2.0.xsd=org/springframework/beans/factory/xml/spring-tool-2.0.xsd, http://www.springframework.org/schema/tx/spring-tx.xsd=org/springframework/transaction/config/spring-tx-3.2.xsd, http://www.springframework.org/schema/lang/spring-lang.xsd=org/springframework/scripting/config/spring-lang-3.2.xsd, http://www.springframework.org/schema/lang/spring-lang-2.5.xsd=org/springframework/scripting/config/spring-lang-2.5.xsd, http://www.springframework.org/schema/aop/spring-aop-3.2.xsd=org/springframework/aop/config/spring-aop-3.2.xsd, http://www.springframework.org/schema/jee/spring-jee-3.0.xsd=org/springframework/ejb/config/spring-jee-3.0.xsd, http://www.springframework.org/schema/tx/spring-tx-3.1.xsd=org/springframework/transaction/config/spring-tx-3.1.xsd, http://www.springframework.org/schema/jee/spring-jee-2.0.xsd=org/springframework/ejb/config/spring-jee-2.0.xsd, http://www.springframework.org/schema/context/spring-context-3.1.xsd=org/springframework/context/config/spring-context-3.1.xsd, http://www.springframework.org/schema/util/spring-util-3.1.xsd=org/springframework/beans/factory/xml/spring-util-3.1.xsd, http://www.springframework.org/schema/lang/spring-lang-3.1.xsd=org/springframework/scripting/config/spring-lang-3.1.xsd, http://www.springframework.org/schema/cache/spring-cache-3.1.xsd=org/springframework/cache/config/spring-cache-3.1.xsd, http://www.springframework.org/schema/context/spring-context.xsd=org/springframework/context/config/spring-context-3.2.xsd, http://www.springframework.org/schema/jee/spring-jee.xsd=org/springframework/ejb/config/spring-jee-3.2.xsd, http://www.springframework.org/schema/aop/spring-aop-2.5.xsd=org/springframework/aop/config/spring-aop-2.5.xsd, http://www.springframework.org/schema/jdbc/spring-jdbc.xsd=org/springframework/jdbc/config/spring-jdbc-3.2.xsd, http://www.springframework.org/schema/beans/spring-beans-3.2.xsd=org/springframework/beans/factory/xml/spring-beans-3.2.xsd, http://www.springframework.org/schema/tx/spring-tx-2.0.xsd=org/springframework/transaction/config/spring-tx-2.0.xsd, http://www.springframework.org/schema/aop/spring-aop-3.1.xsd=org/springframework/aop/config/spring-aop-3.1.xsd, http://www.springframework.org/schema/task/spring-task-3.2.xsd=org/springframework/scheduling/config/spring-task-3.2.xsd, http://www.springframework.org/schema/tx/spring-tx-3.0.xsd=org/springframework/transaction/config/spring-tx-3.0.xsd, http://www.springframework.org/schema/context/spring-context-3.0.xsd=org/springframework/context/config/spring-context-3.0.xsd, http://www.springframework.org/schema/tool/spring-tool.xsd=org/springframework/beans/factory/xml/spring-tool-3.2.xsd, http://www.springframework.org/schema/util/spring-util-3.0.xsd=org/springframework/beans/factory/xml/spring-util-3.0.xsd, http://www.springframework.org/schema/util/spring-util-2.0.xsd=org/springframework/beans/factory/xml/spring-util-2.0.xsd, http://www.springframework.org/schema/lang/spring-lang-3.0.xsd=org/springframework/scripting/config/spring-lang-3.0.xsd, http://www.springframework.org/schema/lang/spring-lang-2.0.xsd=org/springframework/scripting/config/spring-lang-2.0.xsd, http://www.springframework.org/schema/jdbc/spring-jdbc-3.2.xsd=org/springframework/jdbc/config/spring-jdbc-3.2.xsd, http://www.springframework.org/schema/tool/spring-tool-3.2.xsd=org/springframework/beans/factory/xml/spring-tool-3.2.xsd, http://www.springframework.org/schema/beans/spring-beans-2.5.xsd=org/springframework/beans/factory/xml/spring-beans-2.5.xsd}
{DEBUG} [2013-06-04 21:52:22,114] <org.springframework.beans.factory.xml.PluggableSchemaResolver 118> : Found XML schema [http://www.springframework.org/schema/beans/spring-beans-2.5.xsd] in classpath: org/springframework/beans/factory/xml/spring-beans-2.5.xsd
{DEBUG} [2013-06-04 21:52:22,161] <org.springframework.beans.factory.xml.PluggableSchemaResolver 118> : Found XML schema [http://www.springframework.org/schema/context/spring-context-2.5.xsd] in classpath: org/springframework/context/config/spring-context-2.5.xsd
{DEBUG} [2013-06-04 21:52:22,177] <org.springframework.beans.factory.xml.PluggableSchemaResolver 118> : Found XML schema [http://www.springframework.org/schema/tool/spring-tool-2.5.xsd] in classpath: org/springframework/beans/factory/xml/spring-tool-2.5.xsd
{DEBUG} [2013-06-04 21:52:22,192] <org.springframework.beans.factory.xml.DefaultBeanDefinitionDocumentReader 106> : Loading bean definitions
{DEBUG} [2013-06-04 21:52:22,208] <org.springframework.beans.factory.xml.DefaultNamespaceHandlerResolver 156> : Loaded NamespaceHandler mappings: {http://www.springframework.org/schema/p=org.springframework.beans.factory.xml.SimplePropertyNamespaceHandler, http://www.springframework.org/schema/util=org.springframework.beans.factory.xml.UtilNamespaceHandler, http://www.springframework.org/schema/jee=org.springframework.ejb.config.JeeNamespaceHandler, http://www.springframework.org/schema/aop=org.springframework.aop.config.AopNamespaceHandler, http://www.springframework.org/schema/jdbc=org.springframework.jdbc.config.JdbcNamespaceHandler, http://www.springframework.org/schema/cache=org.springframework.cache.config.CacheNamespaceHandler, http://www.springframework.org/schema/c=org.springframework.beans.factory.xml.SimpleConstructorNamespaceHandler, http://www.springframework.org/schema/tx=org.springframework.transaction.config.TxNamespaceHandler, http://www.springframework.org/schema/task=org.springframework.scheduling.config.TaskNamespaceHandler, http://www.springframework.org/schema/lang=org.springframework.scripting.config.LangNamespaceHandler, http://www.springframework.org/schema/context=org.springframework.context.config.ContextNamespaceHandler}
{DEBUG} [2013-06-04 21:52:22,223] <org.springframework.core.env.StandardEnvironment 112> : Initializing new StandardEnvironment
{DEBUG} [2013-06-04 21:52:22,223] <org.springframework.core.env.StandardEnvironment 107> : Adding [systemProperties] PropertySource with lowest search precedence
{DEBUG} [2013-06-04 21:52:22,223] <org.springframework.core.env.StandardEnvironment 107> : Adding [systemEnvironment] PropertySource with lowest search precedence
{DEBUG} [2013-06-04 21:52:22,223] <org.springframework.core.env.StandardEnvironment 116> : Initialized StandardEnvironment with PropertySources [systemProperties,systemEnvironment]
{DEBUG} [2013-06-04 21:52:22,286] <org.springframework.core.io.support.PathMatchingResourcePatternResolver 550> : Looking for matching resources in directory tree [E:\Project\databaseAdapter\target\classes\smt\middleware\database]
{DEBUG} [2013-06-04 21:52:22,286] <org.springframework.core.io.support.PathMatchingResourcePatternResolver 612> : Searching directory [E:\Project\databaseAdapter\target\classes\smt\middleware\database] for files matching pattern [E:/Project/databaseAdapter/target/classes/smt/middleware/database/**/*.class]
{DEBUG} [2013-06-04 21:52:22,286] <org.springframework.core.io.support.PathMatchingResourcePatternResolver 351> : Resolved location pattern [classpath*:smt/middleware/database/**/*.class] to resources [file [E:\Project\databaseAdapter\target\classes\smt\middleware\database\AbstractDataBase.class], file [E:\Project\databaseAdapter\target\classes\smt\middleware\database\DBConnect.class], file [E:\Project\databaseAdapter\target\classes\smt\middleware\database\DBConnection.class], file [E:\Project\databaseAdapter\target\classes\smt\middleware\database\DbContextHolder.class], file [E:\Project\databaseAdapter\target\classes\smt\middleware\database\DBOracle.class], file [E:\Project\databaseAdapter\target\classes\smt\middleware\database\DynamicDataSource.class], file [E:\Project\databaseAdapter\target\classes\smt\middleware\database\MysqlDBAdapter.class], file [E:\Project\databaseAdapter\target\classes\smt\middleware\database\ResolveDataSource.class]]
{DEBUG} [2013-06-04 21:52:22,411] <org.springframework.context.annotation.ClassPathBeanDefinitionScanner 264> : Identified candidate component class: file [E:\Project\databaseAdapter\target\classes\smt\middleware\database\MysqlDBAdapter.class]
{DEBUG} [2013-06-04 21:52:22,442] <org.springframework.beans.factory.xml.XmlBeanDefinitionReader 216> : Loaded 7 bean definitions from location pattern [spring-config.xml]
{DEBUG} [2013-06-04 21:52:22,442] <org.springframework.context.support.ClassPathXmlApplicationContext 540> : Bean factory for org.springframework.context.support.ClassPathXmlApplicationContext@12c3327: org.springframework.beans.factory.support.DefaultListableBeanFactory@cee271: defining beans [mysqlDBAdapter,org.springframework.context.annotation.internalConfigurationAnnotationProcessor,org.springframework.context.annotation.internalAutowiredAnnotationProcessor,org.springframework.context.annotation.internalRequiredAnnotationProcessor,org.springframework.context.annotation.internalCommonAnnotationProcessor,dataSource,resolve]; root of factory hierarchy
{DEBUG} [2013-06-04 21:52:22,474] <org.springframework.beans.factory.support.DefaultListableBeanFactory 215> : Creating shared instance of singleton bean 'org.springframework.context.annotation.internalConfigurationAnnotationProcessor'
{DEBUG} [2013-06-04 21:52:22,474] <org.springframework.beans.factory.support.DefaultListableBeanFactory 435> : Creating instance of bean 'org.springframework.context.annotation.internalConfigurationAnnotationProcessor'
{DEBUG} [2013-06-04 21:52:22,490] <org.springframework.beans.factory.support.DefaultListableBeanFactory 509> : Eagerly caching bean 'org.springframework.context.annotation.internalConfigurationAnnotationProcessor' to allow for resolving potential circular references
{DEBUG} [2013-06-04 21:52:22,505] <org.springframework.beans.factory.support.DefaultListableBeanFactory 463> : Finished creating instance of bean 'org.springframework.context.annotation.internalConfigurationAnnotationProcessor'
{DEBUG} [2013-06-04 21:52:22,536] <org.springframework.beans.factory.support.DefaultListableBeanFactory 215> : Creating shared instance of singleton bean 'org.springframework.context.annotation.internalAutowiredAnnotationProcessor'
{DEBUG} [2013-06-04 21:52:22,536] <org.springframework.beans.factory.support.DefaultListableBeanFactory 435> : Creating instance of bean 'org.springframework.context.annotation.internalAutowiredAnnotationProcessor'
{DEBUG} [2013-06-04 21:52:22,536] <org.springframework.beans.factory.support.DefaultListableBeanFactory 509> : Eagerly caching bean 'org.springframework.context.annotation.internalAutowiredAnnotationProcessor' to allow for resolving potential circular references
{DEBUG} [2013-06-04 21:52:22,536] <org.springframework.beans.factory.support.DefaultListableBeanFactory 463> : Finished creating instance of bean 'org.springframework.context.annotation.internalAutowiredAnnotationProcessor'
{DEBUG} [2013-06-04 21:52:22,536] <org.springframework.beans.factory.support.DefaultListableBeanFactory 215> : Creating shared instance of singleton bean 'org.springframework.context.annotation.internalRequiredAnnotationProcessor'
{DEBUG} [2013-06-04 21:52:22,536] <org.springframework.beans.factory.support.DefaultListableBeanFactory 435> : Creating instance of bean 'org.springframework.context.annotation.internalRequiredAnnotationProcessor'
{DEBUG} [2013-06-04 21:52:22,536] <org.springframework.beans.factory.support.DefaultListableBeanFactory 509> : Eagerly caching bean 'org.springframework.context.annotation.internalRequiredAnnotationProcessor' to allow for resolving potential circular references
{DEBUG} [2013-06-04 21:52:22,536] <org.springframework.beans.factory.support.DefaultListableBeanFactory 463> : Finished creating instance of bean 'org.springframework.context.annotation.internalRequiredAnnotationProcessor'
{DEBUG} [2013-06-04 21:52:22,536] <org.springframework.beans.factory.support.DefaultListableBeanFactory 215> : Creating shared instance of singleton bean 'org.springframework.context.annotation.internalCommonAnnotationProcessor'
{DEBUG} [2013-06-04 21:52:22,536] <org.springframework.beans.factory.support.DefaultListableBeanFactory 435> : Creating instance of bean 'org.springframework.context.annotation.internalCommonAnnotationProcessor'
{DEBUG} [2013-06-04 21:52:22,568] <org.springframework.beans.factory.support.DefaultListableBeanFactory 509> : Eagerly caching bean 'org.springframework.context.annotation.internalCommonAnnotationProcessor' to allow for resolving potential circular references
{DEBUG} [2013-06-04 21:52:22,568] <org.springframework.beans.factory.support.DefaultListableBeanFactory 463> : Finished creating instance of bean 'org.springframework.context.annotation.internalCommonAnnotationProcessor'
{DEBUG} [2013-06-04 21:52:22,568] <org.springframework.beans.factory.support.DefaultListableBeanFactory 215> : Creating shared instance of singleton bean 'org.springframework.context.annotation.ConfigurationClassPostProcessor.importAwareProcessor'
{DEBUG} [2013-06-04 21:52:22,568] <org.springframework.beans.factory.support.DefaultListableBeanFactory 435> : Creating instance of bean 'org.springframework.context.annotation.ConfigurationClassPostProcessor.importAwareProcessor'
{DEBUG} [2013-06-04 21:52:22,568] <org.springframework.beans.factory.support.DefaultListableBeanFactory 509> : Eagerly caching bean 'org.springframework.context.annotation.ConfigurationClassPostProcessor.importAwareProcessor' to allow for resolving potential circular references
{DEBUG} [2013-06-04 21:52:22,568] <org.springframework.beans.factory.support.DefaultListableBeanFactory 463> : Finished creating instance of bean 'org.springframework.context.annotation.ConfigurationClassPostProcessor.importAwareProcessor'
{DEBUG} [2013-06-04 21:52:22,568] <org.springframework.context.support.ClassPathXmlApplicationContext 807> : Unable to locate MessageSource with name 'messageSource': using default [org.springframework.context.support.DelegatingMessageSource@cd51ad]
{DEBUG} [2013-06-04 21:52:22,568] <org.springframework.context.support.ClassPathXmlApplicationContext 831> : Unable to locate ApplicationEventMulticaster with name 'applicationEventMulticaster': using default [org.springframework.context.event.SimpleApplicationEventMulticaster@165e55e]
{INFO } [2013-06-04 21:52:22,583] <org.springframework.beans.factory.support.DefaultListableBeanFactory 596> : Pre-instantiating singletons in org.springframework.beans.factory.support.DefaultListableBeanFactory@cee271: defining beans [mysqlDBAdapter,org.springframework.context.annotation.internalConfigurationAnnotationProcessor,org.springframework.context.annotation.internalAutowiredAnnotationProcessor,org.springframework.context.annotation.internalRequiredAnnotationProcessor,org.springframework.context.annotation.internalCommonAnnotationProcessor,dataSource,resolve,org.springframework.context.annotation.ConfigurationClassPostProcessor.importAwareProcessor]; root of factory hierarchy
{DEBUG} [2013-06-04 21:52:22,583] <org.springframework.beans.factory.support.DefaultListableBeanFactory 215> : Creating shared instance of singleton bean 'mysqlDBAdapter'
{DEBUG} [2013-06-04 21:52:22,583] <org.springframework.beans.factory.support.DefaultListableBeanFactory 435> : Creating instance of bean 'mysqlDBAdapter'
{DEBUG} [2013-06-04 21:52:22,583] <org.springframework.beans.factory.support.DefaultListableBeanFactory 509> : Eagerly caching bean 'mysqlDBAdapter' to allow for resolving potential circular references
{DEBUG} [2013-06-04 21:52:22,599] <org.springframework.beans.factory.support.DefaultListableBeanFactory 463> : Finished creating instance of bean 'mysqlDBAdapter'
{DEBUG} [2013-06-04 21:52:22,599] <org.springframework.beans.factory.support.DefaultListableBeanFactory 246> : Returning cached instance of singleton bean 'org.springframework.context.annotation.internalConfigurationAnnotationProcessor'
{DEBUG} [2013-06-04 21:52:22,599] <org.springframework.beans.factory.support.DefaultListableBeanFactory 246> : Returning cached instance of singleton bean 'org.springframework.context.annotation.internalAutowiredAnnotationProcessor'
{DEBUG} [2013-06-04 21:52:22,599] <org.springframework.beans.factory.support.DefaultListableBeanFactory 246> : Returning cached instance of singleton bean 'org.springframework.context.annotation.internalRequiredAnnotationProcessor'
{DEBUG} [2013-06-04 21:52:22,599] <org.springframework.beans.factory.support.DefaultListableBeanFactory 246> : Returning cached instance of singleton bean 'org.springframework.context.annotation.internalCommonAnnotationProcessor'
{DEBUG} [2013-06-04 21:52:22,599] <org.springframework.beans.factory.support.DefaultListableBeanFactory 215> : Creating shared instance of singleton bean 'dataSource'
{DEBUG} [2013-06-04 21:52:22,599] <org.springframework.beans.factory.support.DefaultListableBeanFactory 435> : Creating instance of bean 'dataSource'
{DEBUG} [2013-06-04 21:52:22,630] <org.springframework.beans.factory.support.DefaultListableBeanFactory 509> : Eagerly caching bean 'dataSource' to allow for resolving potential circular references
{DEBUG} [2013-06-04 21:52:22,646] <org.springframework.beans.factory.support.DefaultListableBeanFactory 463> : Finished creating instance of bean 'dataSource'
{DEBUG} [2013-06-04 21:52:22,646] <org.springframework.beans.factory.support.DefaultListableBeanFactory 215> : Creating shared instance of singleton bean 'resolve'
{DEBUG} [2013-06-04 21:52:22,646] <org.springframework.beans.factory.support.DefaultListableBeanFactory 435> : Creating instance of bean 'resolve'
{DEBUG} [2013-06-04 21:52:22,646] <org.springframework.beans.factory.support.DefaultListableBeanFactory 509> : Eagerly caching bean 'resolve' to allow for resolving potential circular references
{DEBUG} [2013-06-04 21:52:22,646] <org.springframework.beans.factory.support.DefaultListableBeanFactory 463> : Finished creating instance of bean 'resolve'
{DEBUG} [2013-06-04 21:52:22,646] <org.springframework.beans.factory.support.DefaultListableBeanFactory 246> : Returning cached instance of singleton bean 'org.springframework.context.annotation.ConfigurationClassPostProcessor.importAwareProcessor'
{DEBUG} [2013-06-04 21:52:22,646] <org.springframework.context.support.ClassPathXmlApplicationContext 858> : Unable to locate LifecycleProcessor with name 'lifecycleProcessor': using default [org.springframework.context.support.DefaultLifecycleProcessor@b16f5f]
{DEBUG} [2013-06-04 21:52:22,646] <org.springframework.beans.factory.support.DefaultListableBeanFactory 246> : Returning cached instance of singleton bean 'lifecycleProcessor'
{DEBUG} [2013-06-04 21:52:22,646] <org.springframework.core.env.PropertySourcesPropertyResolver 70> : Searching for key 'spring.liveBeansView.mbeanDomain' in [systemProperties]
{DEBUG} [2013-06-04 21:52:22,646] <org.springframework.core.env.PropertySourcesPropertyResolver 70> : Searching for key 'spring.liveBeansView.mbeanDomain' in [systemEnvironment]
{DEBUG} [2013-06-04 21:52:22,661] <org.springframework.core.env.PropertySourcesPropertyResolver 93> : Could not find key 'spring.liveBeansView.mbeanDomain' in any property source. Returning [null]
{DEBUG} [2013-06-04 21:52:22,661] <org.springframework.beans.factory.support.DefaultListableBeanFactory 246> : Returning cached instance of singleton bean 'dataSource'
{DEBUG} [2013-06-04 21:52:22,661] <org.springframework.beans.factory.support.DefaultListableBeanFactory 246> : Returning cached instance of singleton bean 'resolve'
{DEBUG} [2013-06-04 21:52:27,918] <org.springframework.core.env.StandardEnvironment 112> : Initializing new StandardEnvironment
{DEBUG} [2013-06-04 21:52:27,934] <org.springframework.core.env.StandardEnvironment 107> : Adding [systemProperties] PropertySource with lowest search precedence
{DEBUG} [2013-06-04 21:52:27,934] <org.springframework.core.env.StandardEnvironment 107> : Adding [systemEnvironment] PropertySource with lowest search precedence
{DEBUG} [2013-06-04 21:52:27,950] <org.springframework.core.env.StandardEnvironment 116> : Initialized StandardEnvironment with PropertySources [systemProperties,systemEnvironment]
{INFO } [2013-06-04 21:52:27,950] <org.springframework.context.support.ClassPathXmlApplicationContext 510> : Refreshing org.springframework.context.support.ClassPathXmlApplicationContext@1af7c57: startup date [Tue Jun 04 21:52:27 CST 2013]; root of context hierarchy
{DEBUG} [2013-06-04 21:52:27,966] <org.springframework.core.env.StandardEnvironment 112> : Initializing new StandardEnvironment
{DEBUG} [2013-06-04 21:52:27,982] <org.springframework.core.env.StandardEnvironment 107> : Adding [systemProperties] PropertySource with lowest search precedence
{DEBUG} [2013-06-04 21:52:27,982] <org.springframework.core.env.StandardEnvironment 107> : Adding [systemEnvironment] PropertySource with lowest search precedence
{DEBUG} [2013-06-04 21:52:27,997] <org.springframework.core.env.StandardEnvironment 116> : Initialized StandardEnvironment with PropertySources [systemProperties,systemEnvironment]
{DEBUG} [2013-06-04 21:52:27,997] <org.springframework.core.env.StandardEnvironment 112> : Initializing new StandardEnvironment
{DEBUG} [2013-06-04 21:52:28,013] <org.springframework.core.env.StandardEnvironment 107> : Adding [systemProperties] PropertySource with lowest search precedence
{DEBUG} [2013-06-04 21:52:28,029] <org.springframework.core.env.StandardEnvironment 107> : Adding [systemEnvironment] PropertySource with lowest search precedence
{DEBUG} [2013-06-04 21:52:28,029] <org.springframework.core.env.StandardEnvironment 116> : Initialized StandardEnvironment with PropertySources [systemProperties,systemEnvironment]
{INFO } [2013-06-04 21:52:28,044] <org.springframework.beans.factory.xml.XmlBeanDefinitionReader 315> : Loading XML bean definitions from class path resource [spring-config.xml]
{DEBUG} [2013-06-04 21:52:28,091] <org.springframework.beans.factory.xml.DefaultDocumentLoader 72> : Using JAXP provider [org.apache.xerces.jaxp.DocumentBuilderFactoryImpl]
{DEBUG} [2013-06-04 21:52:28,153] <org.springframework.beans.factory.xml.PluggableSchemaResolver 140> : Loading schema mappings from [META-INF/spring.schemas]
{DEBUG} [2013-06-04 21:52:28,247] <org.springframework.beans.factory.xml.PluggableSchemaResolver 146> : Loaded schema mappings: {http://www.springframework.org/schema/util/spring-util.xsd=org/springframework/beans/factory/xml/spring-util-3.2.xsd, http://www.springframework.org/schema/jee/spring-jee-3.2.xsd=org/springframework/ejb/config/spring-jee-3.2.xsd, http://www.springframework.org/schema/beans/spring-beans-3.1.xsd=org/springframework/beans/factory/xml/spring-beans-3.1.xsd, http://www.springframework.org/schema/task/spring-task.xsd=org/springframework/scheduling/config/spring-task-3.2.xsd, http://www.springframework.org/schema/cache/spring-cache.xsd=org/springframework/cache/config/spring-cache-3.2.xsd, http://www.springframework.org/schema/aop/spring-aop-3.0.xsd=org/springframework/aop/config/spring-aop-3.0.xsd, http://www.springframework.org/schema/task/spring-task-3.1.xsd=org/springframework/scheduling/config/spring-task-3.1.xsd, http://www.springframework.org/schema/aop/spring-aop-2.0.xsd=org/springframework/aop/config/spring-aop-2.0.xsd, http://www.springframework.org/schema/tool/spring-tool-2.5.xsd=org/springframework/beans/factory/xml/spring-tool-2.5.xsd, http://www.springframework.org/schema/beans/spring-beans.xsd=org/springframework/beans/factory/xml/spring-beans-3.2.xsd, http://www.springframework.org/schema/jee/spring-jee-2.5.xsd=org/springframework/ejb/config/spring-jee-2.5.xsd, http://www.springframework.org/schema/jdbc/spring-jdbc-3.1.xsd=org/springframework/jdbc/config/spring-jdbc-3.1.xsd, http://www.springframework.org/schema/tool/spring-tool-3.1.xsd=org/springframework/beans/factory/xml/spring-tool-3.1.xsd, http://www.springframework.org/schema/jee/spring-jee-3.1.xsd=org/springframework/ejb/config/spring-jee-3.1.xsd, http://www.springframework.org/schema/aop/spring-aop.xsd=org/springframework/aop/config/spring-aop-3.2.xsd, http://www.springframework.org/schema/tx/spring-tx-3.2.xsd=org/springframework/transaction/config/spring-tx-3.2.xsd, http://www.springframework.org/schema/context/spring-context-3.2.xsd=org/springframework/context/config/spring-context-3.2.xsd, http://www.springframework.org/schema/util/spring-util-3.2.xsd=org/springframework/beans/factory/xml/spring-util-3.2.xsd, http://www.springframework.org/schema/beans/spring-beans-2.0.xsd=org/springframework/beans/factory/xml/spring-beans-2.0.xsd, http://www.springframework.org/schema/lang/spring-lang-3.2.xsd=org/springframework/scripting/config/spring-lang-3.2.xsd, http://www.springframework.org/schema/beans/spring-beans-3.0.xsd=org/springframework/beans/factory/xml/spring-beans-3.0.xsd, http://www.springframework.org/schema/cache/spring-cache-3.2.xsd=org/springframework/cache/config/spring-cache-3.2.xsd, http://www.springframework.org/schema/task/spring-task-3.0.xsd=org/springframework/scheduling/config/spring-task-3.0.xsd, http://www.springframework.org/schema/tx/spring-tx-2.5.xsd=org/springframework/transaction/config/spring-tx-2.5.xsd, http://www.springframework.org/schema/context/spring-context-2.5.xsd=org/springframework/context/config/spring-context-2.5.xsd, http://www.springframework.org/schema/jdbc/spring-jdbc-3.0.xsd=org/springframework/jdbc/config/spring-jdbc-3.0.xsd, http://www.springframework.org/schema/tool/spring-tool-3.0.xsd=org/springframework/beans/factory/xml/spring-tool-3.0.xsd, http://www.springframework.org/schema/util/spring-util-2.5.xsd=org/springframework/beans/factory/xml/spring-util-2.5.xsd, http://www.springframework.org/schema/tool/spring-tool-2.0.xsd=org/springframework/beans/factory/xml/spring-tool-2.0.xsd, http://www.springframework.org/schema/tx/spring-tx.xsd=org/springframework/transaction/config/spring-tx-3.2.xsd, http://www.springframework.org/schema/lang/spring-lang.xsd=org/springframework/scripting/config/spring-lang-3.2.xsd, http://www.springframework.org/schema/lang/spring-lang-2.5.xsd=org/springframework/scripting/config/spring-lang-2.5.xsd, http://www.springframework.org/schema/aop/spring-aop-3.2.xsd=org/springframework/aop/config/spring-aop-3.2.xsd, http://www.springframework.org/schema/jee/spring-jee-3.0.xsd=org/springframework/ejb/config/spring-jee-3.0.xsd, http://www.springframework.org/schema/tx/spring-tx-3.1.xsd=org/springframework/transaction/config/spring-tx-3.1.xsd, http://www.springframework.org/schema/jee/spring-jee-2.0.xsd=org/springframework/ejb/config/spring-jee-2.0.xsd, http://www.springframework.org/schema/context/spring-context-3.1.xsd=org/springframework/context/config/spring-context-3.1.xsd, http://www.springframework.org/schema/util/spring-util-3.1.xsd=org/springframework/beans/factory/xml/spring-util-3.1.xsd, http://www.springframework.org/schema/lang/spring-lang-3.1.xsd=org/springframework/scripting/config/spring-lang-3.1.xsd, http://www.springframework.org/schema/cache/spring-cache-3.1.xsd=org/springframework/cache/config/spring-cache-3.1.xsd, http://www.springframework.org/schema/context/spring-context.xsd=org/springframework/context/config/spring-context-3.2.xsd, http://www.springframework.org/schema/jee/spring-jee.xsd=org/springframework/ejb/config/spring-jee-3.2.xsd, http://www.springframework.org/schema/aop/spring-aop-2.5.xsd=org/springframework/aop/config/spring-aop-2.5.xsd, http://www.springframework.org/schema/jdbc/spring-jdbc.xsd=org/springframework/jdbc/config/spring-jdbc-3.2.xsd, http://www.springframework.org/schema/beans/spring-beans-3.2.xsd=org/springframework/beans/factory/xml/spring-beans-3.2.xsd, http://www.springframework.org/schema/tx/spring-tx-2.0.xsd=org/springframework/transaction/config/spring-tx-2.0.xsd, http://www.springframework.org/schema/aop/spring-aop-3.1.xsd=org/springframework/aop/config/spring-aop-3.1.xsd, http://www.springframework.org/schema/task/spring-task-3.2.xsd=org/springframework/scheduling/config/spring-task-3.2.xsd, http://www.springframework.org/schema/tx/spring-tx-3.0.xsd=org/springframework/transaction/config/spring-tx-3.0.xsd, http://www.springframework.org/schema/context/spring-context-3.0.xsd=org/springframework/context/config/spring-context-3.0.xsd, http://www.springframework.org/schema/tool/spring-tool.xsd=org/springframework/beans/factory/xml/spring-tool-3.2.xsd, http://www.springframework.org/schema/util/spring-util-3.0.xsd=org/springframework/beans/factory/xml/spring-util-3.0.xsd, http://www.springframework.org/schema/util/spring-util-2.0.xsd=org/springframework/beans/factory/xml/spring-util-2.0.xsd, http://www.springframework.org/schema/lang/spring-lang-3.0.xsd=org/springframework/scripting/config/spring-lang-3.0.xsd, http://www.springframework.org/schema/lang/spring-lang-2.0.xsd=org/springframework/scripting/config/spring-lang-2.0.xsd, http://www.springframework.org/schema/jdbc/spring-jdbc-3.2.xsd=org/springframework/jdbc/config/spring-jdbc-3.2.xsd, http://www.springframework.org/schema/tool/spring-tool-3.2.xsd=org/springframework/beans/factory/xml/spring-tool-3.2.xsd, http://www.springframework.org/schema/beans/spring-beans-2.5.xsd=org/springframework/beans/factory/xml/spring-beans-2.5.xsd}
{DEBUG} [2013-06-04 21:52:28,309] <org.springframework.beans.factory.xml.PluggableSchemaResolver 118> : Found XML schema [http://www.springframework.org/schema/beans/spring-beans-2.5.xsd] in classpath: org/springframework/beans/factory/xml/spring-beans-2.5.xsd
{DEBUG} [2013-06-04 21:52:28,902] <org.springframework.beans.factory.xml.PluggableSchemaResolver 118> : Found XML schema [http://www.springframework.org/schema/context/spring-context-2.5.xsd] in classpath: org/springframework/context/config/spring-context-2.5.xsd
{DEBUG} [2013-06-04 21:52:29,152] <org.springframework.beans.factory.xml.PluggableSchemaResolver 118> : Found XML schema [http://www.springframework.org/schema/tool/spring-tool-2.5.xsd] in classpath: org/springframework/beans/factory/xml/spring-tool-2.5.xsd
{DEBUG} [2013-06-04 21:52:29,262] <org.springframework.beans.factory.xml.DefaultBeanDefinitionDocumentReader 106> : Loading bean definitions
{DEBUG} [2013-06-04 21:52:29,340] <org.springframework.beans.factory.xml.DefaultNamespaceHandlerResolver 156> : Loaded NamespaceHandler mappings: {http://www.springframework.org/schema/p=org.springframework.beans.factory.xml.SimplePropertyNamespaceHandler, http://www.springframework.org/schema/util=org.springframework.beans.factory.xml.UtilNamespaceHandler, http://www.springframework.org/schema/jee=org.springframework.ejb.config.JeeNamespaceHandler, http://www.springframework.org/schema/aop=org.springframework.aop.config.AopNamespaceHandler, http://www.springframework.org/schema/jdbc=org.springframework.jdbc.config.JdbcNamespaceHandler, http://www.springframework.org/schema/cache=org.springframework.cache.config.CacheNamespaceHandler, http://www.springframework.org/schema/c=org.springframework.beans.factory.xml.SimpleConstructorNamespaceHandler, http://www.springframework.org/schema/tx=org.springframework.transaction.config.TxNamespaceHandler, http://www.springframework.org/schema/task=org.springframework.scheduling.config.TaskNamespaceHandler, http://www.springframework.org/schema/lang=org.springframework.scripting.config.LangNamespaceHandler, http://www.springframework.org/schema/context=org.springframework.context.config.ContextNamespaceHandler}
{DEBUG} [2013-06-04 21:52:29,356] <org.springframework.core.env.StandardEnvironment 112> : Initializing new StandardEnvironment
{DEBUG} [2013-06-04 21:52:29,371] <org.springframework.core.env.StandardEnvironment 107> : Adding [systemProperties] PropertySource with lowest search precedence
{DEBUG} [2013-06-04 21:52:29,402] <org.springframework.core.env.StandardEnvironment 107> : Adding [systemEnvironment] PropertySource with lowest search precedence
{DEBUG} [2013-06-04 21:52:29,418] <org.springframework.core.env.StandardEnvironment 116> : Initialized StandardEnvironment with PropertySources [systemProperties,systemEnvironment]
{DEBUG} [2013-06-04 21:52:29,434] <org.springframework.core.io.support.PathMatchingResourcePatternResolver 550> : Looking for matching resources in directory tree [E:\Project\databaseAdapter\target\classes\smt\middleware\database]
{DEBUG} [2013-06-04 21:52:29,449] <org.springframework.core.io.support.PathMatchingResourcePatternResolver 612> : Searching directory [E:\Project\databaseAdapter\target\classes\smt\middleware\database] for files matching pattern [E:/Project/databaseAdapter/target/classes/smt/middleware/database/**/*.class]
{DEBUG} [2013-06-04 21:52:29,512] <org.springframework.core.io.support.PathMatchingResourcePatternResolver 351> : Resolved location pattern [classpath*:smt/middleware/database/**/*.class] to resources [file [E:\Project\databaseAdapter\target\classes\smt\middleware\database\AbstractDataBase.class], file [E:\Project\databaseAdapter\target\classes\smt\middleware\database\DBConnect.class], file [E:\Project\databaseAdapter\target\classes\smt\middleware\database\DBConnection.class], file [E:\Project\databaseAdapter\target\classes\smt\middleware\database\DbContextHolder.class], file [E:\Project\databaseAdapter\target\classes\smt\middleware\database\DBOracle.class], file [E:\Project\databaseAdapter\target\classes\smt\middleware\database\DynamicDataSource.class], file [E:\Project\databaseAdapter\target\classes\smt\middleware\database\MysqlDBAdapter.class], file [E:\Project\databaseAdapter\target\classes\smt\middleware\database\ResolveDataSource.class]]
{DEBUG} [2013-06-04 21:52:29,558] <org.springframework.context.annotation.ClassPathBeanDefinitionScanner 264> : Identified candidate component class: file [E:\Project\databaseAdapter\target\classes\smt\middleware\database\MysqlDBAdapter.class]
{DEBUG} [2013-06-04 21:52:29,590] <org.springframework.beans.factory.xml.XmlBeanDefinitionReader 216> : Loaded 7 bean definitions from location pattern [spring-config.xml]
{DEBUG} [2013-06-04 21:52:29,605] <org.springframework.context.support.ClassPathXmlApplicationContext 540> : Bean factory for org.springframework.context.support.ClassPathXmlApplicationContext@1af7c57: org.springframework.beans.factory.support.DefaultListableBeanFactory@167acf2: defining beans [mysqlDBAdapter,org.springframework.context.annotation.internalConfigurationAnnotationProcessor,org.springframework.context.annotation.internalAutowiredAnnotationProcessor,org.springframework.context.annotation.internalRequiredAnnotationProcessor,org.springframework.context.annotation.internalCommonAnnotationProcessor,dataSource,resolve]; root of factory hierarchy
{DEBUG} [2013-06-04 21:52:29,621] <org.springframework.beans.factory.support.DefaultListableBeanFactory 215> : Creating shared instance of singleton bean 'org.springframework.context.annotation.internalConfigurationAnnotationProcessor'
{DEBUG} [2013-06-04 21:52:29,636] <org.springframework.beans.factory.support.DefaultListableBeanFactory 435> : Creating instance of bean 'org.springframework.context.annotation.internalConfigurationAnnotationProcessor'
{DEBUG} [2013-06-04 21:52:29,636] <org.springframework.beans.factory.support.DefaultListableBeanFactory 509> : Eagerly caching bean 'org.springframework.context.annotation.internalConfigurationAnnotationProcessor' to allow for resolving potential circular references
{DEBUG} [2013-06-04 21:52:29,652] <org.springframework.beans.factory.support.DefaultListableBeanFactory 463> : Finished creating instance of bean 'org.springframework.context.annotation.internalConfigurationAnnotationProcessor'
{DEBUG} [2013-06-04 21:52:29,792] <org.springframework.beans.factory.support.DefaultListableBeanFactory 215> : Creating shared instance of singleton bean 'org.springframework.context.annotation.internalAutowiredAnnotationProcessor'
{DEBUG} [2013-06-04 21:52:29,792] <org.springframework.beans.factory.support.DefaultListableBeanFactory 435> : Creating instance of bean 'org.springframework.context.annotation.internalAutowiredAnnotationProcessor'
{DEBUG} [2013-06-04 21:52:29,808] <org.springframework.beans.factory.support.DefaultListableBeanFactory 509> : Eagerly caching bean 'org.springframework.context.annotation.internalAutowiredAnnotationProcessor' to allow for resolving potential circular references
{DEBUG} [2013-06-04 21:52:29,824] <org.springframework.beans.factory.support.DefaultListableBeanFactory 463> : Finished creating instance of bean 'org.springframework.context.annotation.internalAutowiredAnnotationProcessor'
{DEBUG} [2013-06-04 21:52:29,824] <org.springframework.beans.factory.support.DefaultListableBeanFactory 215> : Creating shared instance of singleton bean 'org.springframework.context.annotation.internalRequiredAnnotationProcessor'
{DEBUG} [2013-06-04 21:52:29,839] <org.springframework.beans.factory.support.DefaultListableBeanFactory 435> : Creating instance of bean 'org.springframework.context.annotation.internalRequiredAnnotationProcessor'
{DEBUG} [2013-06-04 21:52:29,839] <org.springframework.beans.factory.support.DefaultListableBeanFactory 509> : Eagerly caching bean 'org.springframework.context.annotation.internalRequiredAnnotationProcessor' to allow for resolving potential circular references
{DEBUG} [2013-06-04 21:52:29,839] <org.springframework.beans.factory.support.DefaultListableBeanFactory 463> : Finished creating instance of bean 'org.springframework.context.annotation.internalRequiredAnnotationProcessor'
{DEBUG} [2013-06-04 21:52:29,855] <org.springframework.beans.factory.support.DefaultListableBeanFactory 215> : Creating shared instance of singleton bean 'org.springframework.context.annotation.internalCommonAnnotationProcessor'
{DEBUG} [2013-06-04 21:52:29,855] <org.springframework.beans.factory.support.DefaultListableBeanFactory 435> : Creating instance of bean 'org.springframework.context.annotation.internalCommonAnnotationProcessor'
{DEBUG} [2013-06-04 21:52:29,870] <org.springframework.beans.factory.support.DefaultListableBeanFactory 509> : Eagerly caching bean 'org.springframework.context.annotation.internalCommonAnnotationProcessor' to allow for resolving potential circular references
{DEBUG} [2013-06-04 21:52:29,870] <org.springframework.beans.factory.support.DefaultListableBeanFactory 463> : Finished creating instance of bean 'org.springframework.context.annotation.internalCommonAnnotationProcessor'
{DEBUG} [2013-06-04 21:52:29,886] <org.springframework.beans.factory.support.DefaultListableBeanFactory 215> : Creating shared instance of singleton bean 'org.springframework.context.annotation.ConfigurationClassPostProcessor.importAwareProcessor'
{DEBUG} [2013-06-04 21:52:29,886] <org.springframework.beans.factory.support.DefaultListableBeanFactory 435> : Creating instance of bean 'org.springframework.context.annotation.ConfigurationClassPostProcessor.importAwareProcessor'
{DEBUG} [2013-06-04 21:52:29,902] <org.springframework.beans.factory.support.DefaultListableBeanFactory 509> : Eagerly caching bean 'org.springframework.context.annotation.ConfigurationClassPostProcessor.importAwareProcessor' to allow for resolving potential circular references
{DEBUG} [2013-06-04 21:52:29,902] <org.springframework.beans.factory.support.DefaultListableBeanFactory 463> : Finished creating instance of bean 'org.springframework.context.annotation.ConfigurationClassPostProcessor.importAwareProcessor'
{DEBUG} [2013-06-04 21:52:29,917] <org.springframework.context.support.ClassPathXmlApplicationContext 807> : Unable to locate MessageSource with name 'messageSource': using default [org.springframework.context.support.DelegatingMessageSource@5ebac9]
{DEBUG} [2013-06-04 21:52:29,933] <org.springframework.context.support.ClassPathXmlApplicationContext 831> : Unable to locate ApplicationEventMulticaster with name 'applicationEventMulticaster': using default [org.springframework.context.event.SimpleApplicationEventMulticaster@138ec91]
{INFO } [2013-06-04 21:52:29,948] <org.springframework.beans.factory.support.DefaultListableBeanFactory 596> : Pre-instantiating singletons in org.springframework.beans.factory.support.DefaultListableBeanFactory@167acf2: defining beans [mysqlDBAdapter,org.springframework.context.annotation.internalConfigurationAnnotationProcessor,org.springframework.context.annotation.internalAutowiredAnnotationProcessor,org.springframework.context.annotation.internalRequiredAnnotationProcessor,org.springframework.context.annotation.internalCommonAnnotationProcessor,dataSource,resolve,org.springframework.context.annotation.ConfigurationClassPostProcessor.importAwareProcessor]; root of factory hierarchy
{DEBUG} [2013-06-04 21:52:29,964] <org.springframework.beans.factory.support.DefaultListableBeanFactory 215> : Creating shared instance of singleton bean 'mysqlDBAdapter'
{DEBUG} [2013-06-04 21:52:29,964] <org.springframework.beans.factory.support.DefaultListableBeanFactory 435> : Creating instance of bean 'mysqlDBAdapter'
{DEBUG} [2013-06-04 21:52:29,980] <org.springframework.beans.factory.support.DefaultListableBeanFactory 509> : Eagerly caching bean 'mysqlDBAdapter' to allow for resolving potential circular references
{DEBUG} [2013-06-04 21:52:29,980] <org.springframework.beans.factory.support.DefaultListableBeanFactory 463> : Finished creating instance of bean 'mysqlDBAdapter'
{DEBUG} [2013-06-04 21:52:29,995] <org.springframework.beans.factory.support.DefaultListableBeanFactory 246> : Returning cached instance of singleton bean 'org.springframework.context.annotation.internalConfigurationAnnotationProcessor'
{DEBUG} [2013-06-04 21:52:29,995] <org.springframework.beans.factory.support.DefaultListableBeanFactory 246> : Returning cached instance of singleton bean 'org.springframework.context.annotation.internalAutowiredAnnotationProcessor'
{DEBUG} [2013-06-04 21:52:30,011] <org.springframework.beans.factory.support.DefaultListableBeanFactory 246> : Returning cached instance of singleton bean 'org.springframework.context.annotation.internalRequiredAnnotationProcessor'
{DEBUG} [2013-06-04 21:52:30,011] <org.springframework.beans.factory.support.DefaultListableBeanFactory 246> : Returning cached instance of singleton bean 'org.springframework.context.annotation.internalCommonAnnotationProcessor'
{DEBUG} [2013-06-04 21:52:30,011] <org.springframework.beans.factory.support.DefaultListableBeanFactory 215> : Creating shared instance of singleton bean 'dataSource'
{DEBUG} [2013-06-04 21:52:30,026] <org.springframework.beans.factory.support.DefaultListableBeanFactory 435> : Creating instance of bean 'dataSource'
{DEBUG} [2013-06-04 21:52:30,042] <org.springframework.beans.factory.support.DefaultListableBeanFactory 509> : Eagerly caching bean 'dataSource' to allow for resolving potential circular references
{DEBUG} [2013-06-04 21:52:30,058] <org.springframework.beans.factory.support.DefaultListableBeanFactory 463> : Finished creating instance of bean 'dataSource'
{DEBUG} [2013-06-04 21:52:30,073] <org.springframework.beans.factory.support.DefaultListableBeanFactory 215> : Creating shared instance of singleton bean 'resolve'
{DEBUG} [2013-06-04 21:52:30,073] <org.springframework.beans.factory.support.DefaultListableBeanFactory 435> : Creating instance of bean 'resolve'
{DEBUG} [2013-06-04 21:52:30,089] <org.springframework.beans.factory.support.DefaultListableBeanFactory 509> : Eagerly caching bean 'resolve' to allow for resolving potential circular references
{DEBUG} [2013-06-04 21:52:30,104] <org.springframework.beans.factory.support.DefaultListableBeanFactory 463> : Finished creating instance of bean 'resolve'
{DEBUG} [2013-06-04 21:52:30,104] <org.springframework.beans.factory.support.DefaultListableBeanFactory 246> : Returning cached instance of singleton bean 'org.springframework.context.annotation.ConfigurationClassPostProcessor.importAwareProcessor'
{DEBUG} [2013-06-04 21:52:30,104] <org.springframework.context.support.ClassPathXmlApplicationContext 858> : Unable to locate LifecycleProcessor with name 'lifecycleProcessor': using default [org.springframework.context.support.DefaultLifecycleProcessor@f3c5c4]
{DEBUG} [2013-06-04 21:52:30,120] <org.springframework.beans.factory.support.DefaultListableBeanFactory 246> : Returning cached instance of singleton bean 'lifecycleProcessor'
{DEBUG} [2013-06-04 21:52:30,136] <org.springframework.core.env.PropertySourcesPropertyResolver 70> : Searching for key 'spring.liveBeansView.mbeanDomain' in [systemProperties]
{DEBUG} [2013-06-04 21:52:30,136] <org.springframework.core.env.PropertySourcesPropertyResolver 70> : Searching for key 'spring.liveBeansView.mbeanDomain' in [systemEnvironment]
{DEBUG} [2013-06-04 21:52:30,151] <org.springframework.core.env.PropertySourcesPropertyResolver 93> : Could not find key 'spring.liveBeansView.mbeanDomain' in any property source. Returning [null]
{ERROR} [2013-06-04 21:52:30,370] <util.Environment 154> : loading Web.config err.
org.dom4j.DocumentException: E:\Project\databaseAdapter\Web.config (系统找不到指定的文件。) Nested exception: E:\Project\databaseAdapter\Web.config (系统找不到指定的文件。)
	at org.dom4j.io.SAXReader.read(SAXReader.java:484)
	at org.dom4j.io.SAXReader.read(SAXReader.java:321)
	at util.DomUtils.getDocmentByFile(DomUtils.java:36)
	at util.Environment.initDatabaseConfig(Environment.java:150)
	at util.Environment.<init>(Environment.java:42)
	at util.Environment.<clinit>(Environment.java:25)
	at smt.middleware.database.DBConnection.getConnection(DBConnection.java:24)
	at smt.middleware.database.DBConnection.main(DBConnection.java:62)
Nested exception: 
java.io.FileNotFoundException: E:\Project\databaseAdapter\Web.config (系统找不到指定的文件。)
	at java.io.FileInputStream.open(Native Method)
	at java.io.FileInputStream.<init>(FileInputStream.java:106)
	at java.io.FileInputStream.<init>(FileInputStream.java:66)
	at sun.net.www.protocol.file.FileURLConnection.connect(FileURLConnection.java:70)
	at sun.net.www.protocol.file.FileURLConnection.getInputStream(FileURLConnection.java:161)
	at org.apache.xerces.impl.XMLEntityManager.setupCurrentEntity(Unknown Source)
	at org.apache.xerces.impl.XMLVersionDetector.determineDocVersion(Unknown Source)
	at org.apache.xerces.parsers.XML11Configuration.parse(Unknown Source)
	at org.apache.xerces.parsers.XML11Configuration.parse(Unknown Source)
	at org.apache.xerces.parsers.XMLParser.parse(Unknown Source)
	at org.apache.xerces.parsers.AbstractSAXParser.parse(Unknown Source)
	at org.apache.xerces.jaxp.SAXParserImpl$JAXPSAXParser.parse(Unknown Source)
	at org.dom4j.io.SAXReader.read(SAXReader.java:465)
	at org.dom4j.io.SAXReader.read(SAXReader.java:321)
	at util.DomUtils.getDocmentByFile(DomUtils.java:36)
	at util.Environment.initDatabaseConfig(Environment.java:150)
	at util.Environment.<init>(Environment.java:42)
	at util.Environment.<clinit>(Environment.java:25)
	at smt.middleware.database.DBConnection.getConnection(DBConnection.java:24)
	at smt.middleware.database.DBConnection.main(DBConnection.java:62)
{DEBUG} [2013-06-04 21:56:29,547] <org.springframework.core.env.StandardEnvironment 112> : Initializing new StandardEnvironment
{DEBUG} [2013-06-04 21:56:29,578] <org.springframework.core.env.StandardEnvironment 107> : Adding [systemProperties] PropertySource with lowest search precedence
{DEBUG} [2013-06-04 21:56:29,594] <org.springframework.core.env.StandardEnvironment 107> : Adding [systemEnvironment] PropertySource with lowest search precedence
{DEBUG} [2013-06-04 21:56:29,610] <org.springframework.core.env.StandardEnvironment 116> : Initialized StandardEnvironment with PropertySources [systemProperties,systemEnvironment]
{INFO } [2013-06-04 21:56:29,657] <org.springframework.context.support.ClassPathXmlApplicationContext 510> : Refreshing org.springframework.context.support.ClassPathXmlApplicationContext@52c6b4: startup date [Tue Jun 04 21:56:29 CST 2013]; root of context hierarchy
{DEBUG} [2013-06-04 21:56:30,016] <org.springframework.core.env.StandardEnvironment 112> : Initializing new StandardEnvironment
{DEBUG} [2013-06-04 21:56:30,031] <org.springframework.core.env.StandardEnvironment 107> : Adding [systemProperties] PropertySource with lowest search precedence
{DEBUG} [2013-06-04 21:56:30,031] <org.springframework.core.env.StandardEnvironment 107> : Adding [systemEnvironment] PropertySource with lowest search precedence
{DEBUG} [2013-06-04 21:56:30,047] <org.springframework.core.env.StandardEnvironment 116> : Initialized StandardEnvironment with PropertySources [systemProperties,systemEnvironment]
{DEBUG} [2013-06-04 21:56:30,062] <org.springframework.core.env.StandardEnvironment 112> : Initializing new StandardEnvironment
{DEBUG} [2013-06-04 21:56:30,062] <org.springframework.core.env.StandardEnvironment 107> : Adding [systemProperties] PropertySource with lowest search precedence
{DEBUG} [2013-06-04 21:56:30,078] <org.springframework.core.env.StandardEnvironment 107> : Adding [systemEnvironment] PropertySource with lowest search precedence
{DEBUG} [2013-06-04 21:56:30,078] <org.springframework.core.env.StandardEnvironment 116> : Initialized StandardEnvironment with PropertySources [systemProperties,systemEnvironment]
{INFO } [2013-06-04 21:56:30,203] <org.springframework.beans.factory.xml.XmlBeanDefinitionReader 315> : Loading XML bean definitions from class path resource [spring-config.xml]
{DEBUG} [2013-06-04 21:56:30,250] <org.springframework.beans.factory.xml.DefaultDocumentLoader 72> : Using JAXP provider [org.apache.xerces.jaxp.DocumentBuilderFactoryImpl]
{DEBUG} [2013-06-04 21:56:31,248] <org.springframework.beans.factory.xml.PluggableSchemaResolver 140> : Loading schema mappings from [META-INF/spring.schemas]
{DEBUG} [2013-06-04 21:56:31,374] <org.springframework.beans.factory.xml.PluggableSchemaResolver 146> : Loaded schema mappings: {http://www.springframework.org/schema/util/spring-util.xsd=org/springframework/beans/factory/xml/spring-util-3.2.xsd, http://www.springframework.org/schema/jee/spring-jee-3.2.xsd=org/springframework/ejb/config/spring-jee-3.2.xsd, http://www.springframework.org/schema/beans/spring-beans-3.1.xsd=org/springframework/beans/factory/xml/spring-beans-3.1.xsd, http://www.springframework.org/schema/task/spring-task.xsd=org/springframework/scheduling/config/spring-task-3.2.xsd, http://www.springframework.org/schema/cache/spring-cache.xsd=org/springframework/cache/config/spring-cache-3.2.xsd, http://www.springframework.org/schema/aop/spring-aop-3.0.xsd=org/springframework/aop/config/spring-aop-3.0.xsd, http://www.springframework.org/schema/task/spring-task-3.1.xsd=org/springframework/scheduling/config/spring-task-3.1.xsd, http://www.springframework.org/schema/aop/spring-aop-2.0.xsd=org/springframework/aop/config/spring-aop-2.0.xsd, http://www.springframework.org/schema/tool/spring-tool-2.5.xsd=org/springframework/beans/factory/xml/spring-tool-2.5.xsd, http://www.springframework.org/schema/beans/spring-beans.xsd=org/springframework/beans/factory/xml/spring-beans-3.2.xsd, http://www.springframework.org/schema/jee/spring-jee-2.5.xsd=org/springframework/ejb/config/spring-jee-2.5.xsd, http://www.springframework.org/schema/jdbc/spring-jdbc-3.1.xsd=org/springframework/jdbc/config/spring-jdbc-3.1.xsd, http://www.springframework.org/schema/tool/spring-tool-3.1.xsd=org/springframework/beans/factory/xml/spring-tool-3.1.xsd, http://www.springframework.org/schema/jee/spring-jee-3.1.xsd=org/springframework/ejb/config/spring-jee-3.1.xsd, http://www.springframework.org/schema/aop/spring-aop.xsd=org/springframework/aop/config/spring-aop-3.2.xsd, http://www.springframework.org/schema/tx/spring-tx-3.2.xsd=org/springframework/transaction/config/spring-tx-3.2.xsd, http://www.springframework.org/schema/context/spring-context-3.2.xsd=org/springframework/context/config/spring-context-3.2.xsd, http://www.springframework.org/schema/util/spring-util-3.2.xsd=org/springframework/beans/factory/xml/spring-util-3.2.xsd, http://www.springframework.org/schema/beans/spring-beans-2.0.xsd=org/springframework/beans/factory/xml/spring-beans-2.0.xsd, http://www.springframework.org/schema/lang/spring-lang-3.2.xsd=org/springframework/scripting/config/spring-lang-3.2.xsd, http://www.springframework.org/schema/beans/spring-beans-3.0.xsd=org/springframework/beans/factory/xml/spring-beans-3.0.xsd, http://www.springframework.org/schema/cache/spring-cache-3.2.xsd=org/springframework/cache/config/spring-cache-3.2.xsd, http://www.springframework.org/schema/task/spring-task-3.0.xsd=org/springframework/scheduling/config/spring-task-3.0.xsd, http://www.springframework.org/schema/tx/spring-tx-2.5.xsd=org/springframework/transaction/config/spring-tx-2.5.xsd, http://www.springframework.org/schema/context/spring-context-2.5.xsd=org/springframework/context/config/spring-context-2.5.xsd, http://www.springframework.org/schema/jdbc/spring-jdbc-3.0.xsd=org/springframework/jdbc/config/spring-jdbc-3.0.xsd, http://www.springframework.org/schema/tool/spring-tool-3.0.xsd=org/springframework/beans/factory/xml/spring-tool-3.0.xsd, http://www.springframework.org/schema/util/spring-util-2.5.xsd=org/springframework/beans/factory/xml/spring-util-2.5.xsd, http://www.springframework.org/schema/tool/spring-tool-2.0.xsd=org/springframework/beans/factory/xml/spring-tool-2.0.xsd, http://www.springframework.org/schema/tx/spring-tx.xsd=org/springframework/transaction/config/spring-tx-3.2.xsd, http://www.springframework.org/schema/lang/spring-lang.xsd=org/springframework/scripting/config/spring-lang-3.2.xsd, http://www.springframework.org/schema/lang/spring-lang-2.5.xsd=org/springframework/scripting/config/spring-lang-2.5.xsd, http://www.springframework.org/schema/aop/spring-aop-3.2.xsd=org/springframework/aop/config/spring-aop-3.2.xsd, http://www.springframework.org/schema/jee/spring-jee-3.0.xsd=org/springframework/ejb/config/spring-jee-3.0.xsd, http://www.springframework.org/schema/tx/spring-tx-3.1.xsd=org/springframework/transaction/config/spring-tx-3.1.xsd, http://www.springframework.org/schema/jee/spring-jee-2.0.xsd=org/springframework/ejb/config/spring-jee-2.0.xsd, http://www.springframework.org/schema/context/spring-context-3.1.xsd=org/springframework/context/config/spring-context-3.1.xsd, http://www.springframework.org/schema/util/spring-util-3.1.xsd=org/springframework/beans/factory/xml/spring-util-3.1.xsd, http://www.springframework.org/schema/lang/spring-lang-3.1.xsd=org/springframework/scripting/config/spring-lang-3.1.xsd, http://www.springframework.org/schema/cache/spring-cache-3.1.xsd=org/springframework/cache/config/spring-cache-3.1.xsd, http://www.springframework.org/schema/context/spring-context.xsd=org/springframework/context/config/spring-context-3.2.xsd, http://www.springframework.org/schema/jee/spring-jee.xsd=org/springframework/ejb/config/spring-jee-3.2.xsd, http://www.springframework.org/schema/aop/spring-aop-2.5.xsd=org/springframework/aop/config/spring-aop-2.5.xsd, http://www.springframework.org/schema/jdbc/spring-jdbc.xsd=org/springframework/jdbc/config/spring-jdbc-3.2.xsd, http://www.springframework.org/schema/beans/spring-beans-3.2.xsd=org/springframework/beans/factory/xml/spring-beans-3.2.xsd, http://www.springframework.org/schema/tx/spring-tx-2.0.xsd=org/springframework/transaction/config/spring-tx-2.0.xsd, http://www.springframework.org/schema/aop/spring-aop-3.1.xsd=org/springframework/aop/config/spring-aop-3.1.xsd, http://www.springframework.org/schema/task/spring-task-3.2.xsd=org/springframework/scheduling/config/spring-task-3.2.xsd, http://www.springframework.org/schema/tx/spring-tx-3.0.xsd=org/springframework/transaction/config/spring-tx-3.0.xsd, http://www.springframework.org/schema/context/spring-context-3.0.xsd=org/springframework/context/config/spring-context-3.0.xsd, http://www.springframework.org/schema/tool/spring-tool.xsd=org/springframework/beans/factory/xml/spring-tool-3.2.xsd, http://www.springframework.org/schema/util/spring-util-3.0.xsd=org/springframework/beans/factory/xml/spring-util-3.0.xsd, http://www.springframework.org/schema/util/spring-util-2.0.xsd=org/springframework/beans/factory/xml/spring-util-2.0.xsd, http://www.springframework.org/schema/lang/spring-lang-3.0.xsd=org/springframework/scripting/config/spring-lang-3.0.xsd, http://www.springframework.org/schema/lang/spring-lang-2.0.xsd=org/springframework/scripting/config/spring-lang-2.0.xsd, http://www.springframework.org/schema/jdbc/spring-jdbc-3.2.xsd=org/springframework/jdbc/config/spring-jdbc-3.2.xsd, http://www.springframework.org/schema/tool/spring-tool-3.2.xsd=org/springframework/beans/factory/xml/spring-tool-3.2.xsd, http://www.springframework.org/schema/beans/spring-beans-2.5.xsd=org/springframework/beans/factory/xml/spring-beans-2.5.xsd}
{DEBUG} [2013-06-04 21:56:31,421] <org.springframework.beans.factory.xml.PluggableSchemaResolver 118> : Found XML schema [http://www.springframework.org/schema/beans/spring-beans-2.5.xsd] in classpath: org/springframework/beans/factory/xml/spring-beans-2.5.xsd
{DEBUG} [2013-06-04 21:56:32,154] <org.springframework.beans.factory.xml.PluggableSchemaResolver 118> : Found XML schema [http://www.springframework.org/schema/context/spring-context-2.5.xsd] in classpath: org/springframework/context/config/spring-context-2.5.xsd
{DEBUG} [2013-06-04 21:56:32,372] <org.springframework.beans.factory.xml.PluggableSchemaResolver 118> : Found XML schema [http://www.springframework.org/schema/tool/spring-tool-2.5.xsd] in classpath: org/springframework/beans/factory/xml/spring-tool-2.5.xsd
{DEBUG} [2013-06-04 21:56:32,529] <org.springframework.beans.factory.xml.DefaultBeanDefinitionDocumentReader 106> : Loading bean definitions
{DEBUG} [2013-06-04 21:56:32,638] <org.springframework.beans.factory.xml.DefaultNamespaceHandlerResolver 156> : Loaded NamespaceHandler mappings: {http://www.springframework.org/schema/p=org.springframework.beans.factory.xml.SimplePropertyNamespaceHandler, http://www.springframework.org/schema/util=org.springframework.beans.factory.xml.UtilNamespaceHandler, http://www.springframework.org/schema/jee=org.springframework.ejb.config.JeeNamespaceHandler, http://www.springframework.org/schema/aop=org.springframework.aop.config.AopNamespaceHandler, http://www.springframework.org/schema/jdbc=org.springframework.jdbc.config.JdbcNamespaceHandler, http://www.springframework.org/schema/cache=org.springframework.cache.config.CacheNamespaceHandler, http://www.springframework.org/schema/c=org.springframework.beans.factory.xml.SimpleConstructorNamespaceHandler, http://www.springframework.org/schema/tx=org.springframework.transaction.config.TxNamespaceHandler, http://www.springframework.org/schema/task=org.springframework.scheduling.config.TaskNamespaceHandler, http://www.springframework.org/schema/lang=org.springframework.scripting.config.LangNamespaceHandler, http://www.springframework.org/schema/context=org.springframework.context.config.ContextNamespaceHandler}
{DEBUG} [2013-06-04 21:56:32,794] <org.springframework.core.env.StandardEnvironment 112> : Initializing new StandardEnvironment
{DEBUG} [2013-06-04 21:56:32,810] <org.springframework.core.env.StandardEnvironment 107> : Adding [systemProperties] PropertySource with lowest search precedence
{DEBUG} [2013-06-04 21:56:32,826] <org.springframework.core.env.StandardEnvironment 107> : Adding [systemEnvironment] PropertySource with lowest search precedence
{DEBUG} [2013-06-04 21:56:32,841] <org.springframework.core.env.StandardEnvironment 116> : Initialized StandardEnvironment with PropertySources [systemProperties,systemEnvironment]
{DEBUG} [2013-06-04 21:56:33,028] <org.springframework.core.io.support.PathMatchingResourcePatternResolver 550> : Looking for matching resources in directory tree [E:\Project\databaseAdapter\target\classes\smt\middleware\database]
{DEBUG} [2013-06-04 21:56:33,044] <org.springframework.core.io.support.PathMatchingResourcePatternResolver 612> : Searching directory [E:\Project\databaseAdapter\target\classes\smt\middleware\database] for files matching pattern [E:/Project/databaseAdapter/target/classes/smt/middleware/database/**/*.class]
{DEBUG} [2013-06-04 21:56:33,106] <org.springframework.core.io.support.PathMatchingResourcePatternResolver 351> : Resolved location pattern [classpath*:smt/middleware/database/**/*.class] to resources [file [E:\Project\databaseAdapter\target\classes\smt\middleware\database\AbstractDataBase.class], file [E:\Project\databaseAdapter\target\classes\smt\middleware\database\DBConnect.class], file [E:\Project\databaseAdapter\target\classes\smt\middleware\database\DBConnection.class], file [E:\Project\databaseAdapter\target\classes\smt\middleware\database\DbContextHolder.class], file [E:\Project\databaseAdapter\target\classes\smt\middleware\database\DBOracle.class], file [E:\Project\databaseAdapter\target\classes\smt\middleware\database\DynamicDataSource.class], file [E:\Project\databaseAdapter\target\classes\smt\middleware\database\MysqlDBAdapter.class], file [E:\Project\databaseAdapter\target\classes\smt\middleware\database\ResolveDataSource.class]]
{DEBUG} [2013-06-04 21:56:33,325] <org.springframework.context.annotation.ClassPathBeanDefinitionScanner 264> : Identified candidate component class: file [E:\Project\databaseAdapter\target\classes\smt\middleware\database\MysqlDBAdapter.class]
{DEBUG} [2013-06-04 21:56:33,502] <org.springframework.beans.factory.xml.XmlBeanDefinitionReader 216> : Loaded 7 bean definitions from location pattern [spring-config.xml]
{DEBUG} [2013-06-04 21:56:33,512] <org.springframework.context.support.ClassPathXmlApplicationContext 540> : Bean factory for org.springframework.context.support.ClassPathXmlApplicationContext@52c6b4: org.springframework.beans.factory.support.DefaultListableBeanFactory@a33ce2: defining beans [mysqlDBAdapter,org.springframework.context.annotation.internalConfigurationAnnotationProcessor,org.springframework.context.annotation.internalAutowiredAnnotationProcessor,org.springframework.context.annotation.internalRequiredAnnotationProcessor,org.springframework.context.annotation.internalCommonAnnotationProcessor,dataSource,resolve]; root of factory hierarchy
{DEBUG} [2013-06-04 21:56:33,663] <org.springframework.beans.factory.support.DefaultListableBeanFactory 215> : Creating shared instance of singleton bean 'org.springframework.context.annotation.internalConfigurationAnnotationProcessor'
{DEBUG} [2013-06-04 21:56:33,663] <org.springframework.beans.factory.support.DefaultListableBeanFactory 435> : Creating instance of bean 'org.springframework.context.annotation.internalConfigurationAnnotationProcessor'
{DEBUG} [2013-06-04 21:56:33,793] <org.springframework.beans.factory.support.DefaultListableBeanFactory 509> : Eagerly caching bean 'org.springframework.context.annotation.internalConfigurationAnnotationProcessor' to allow for resolving potential circular references
{DEBUG} [2013-06-04 21:56:33,823] <org.springframework.beans.factory.support.DefaultListableBeanFactory 463> : Finished creating instance of bean 'org.springframework.context.annotation.internalConfigurationAnnotationProcessor'
{DEBUG} [2013-06-04 21:56:34,121] <org.springframework.beans.factory.support.DefaultListableBeanFactory 215> : Creating shared instance of singleton bean 'org.springframework.context.annotation.internalAutowiredAnnotationProcessor'
{DEBUG} [2013-06-04 21:56:34,136] <org.springframework.beans.factory.support.DefaultListableBeanFactory 435> : Creating instance of bean 'org.springframework.context.annotation.internalAutowiredAnnotationProcessor'
{DEBUG} [2013-06-04 21:56:34,152] <org.springframework.beans.factory.support.DefaultListableBeanFactory 509> : Eagerly caching bean 'org.springframework.context.annotation.internalAutowiredAnnotationProcessor' to allow for resolving potential circular references
{DEBUG} [2013-06-04 21:56:34,152] <org.springframework.beans.factory.support.DefaultListableBeanFactory 463> : Finished creating instance of bean 'org.springframework.context.annotation.internalAutowiredAnnotationProcessor'
{DEBUG} [2013-06-04 21:56:34,167] <org.springframework.beans.factory.support.DefaultListableBeanFactory 215> : Creating shared instance of singleton bean 'org.springframework.context.annotation.internalRequiredAnnotationProcessor'
{DEBUG} [2013-06-04 21:56:34,167] <org.springframework.beans.factory.support.DefaultListableBeanFactory 435> : Creating instance of bean 'org.springframework.context.annotation.internalRequiredAnnotationProcessor'
{DEBUG} [2013-06-04 21:56:34,183] <org.springframework.beans.factory.support.DefaultListableBeanFactory 509> : Eagerly caching bean 'org.springframework.context.annotation.internalRequiredAnnotationProcessor' to allow for resolving potential circular references
{DEBUG} [2013-06-04 21:56:34,183] <org.springframework.beans.factory.support.DefaultListableBeanFactory 463> : Finished creating instance of bean 'org.springframework.context.annotation.internalRequiredAnnotationProcessor'
{DEBUG} [2013-06-04 21:56:34,199] <org.springframework.beans.factory.support.DefaultListableBeanFactory 215> : Creating shared instance of singleton bean 'org.springframework.context.annotation.internalCommonAnnotationProcessor'
{DEBUG} [2013-06-04 21:56:34,199] <org.springframework.beans.factory.support.DefaultListableBeanFactory 435> : Creating instance of bean 'org.springframework.context.annotation.internalCommonAnnotationProcessor'
{DEBUG} [2013-06-04 21:56:34,245] <org.springframework.beans.factory.support.DefaultListableBeanFactory 509> : Eagerly caching bean 'org.springframework.context.annotation.internalCommonAnnotationProcessor' to allow for resolving potential circular references
{DEBUG} [2013-06-04 21:56:34,245] <org.springframework.beans.factory.support.DefaultListableBeanFactory 463> : Finished creating instance of bean 'org.springframework.context.annotation.internalCommonAnnotationProcessor'
{DEBUG} [2013-06-04 21:56:34,261] <org.springframework.beans.factory.support.DefaultListableBeanFactory 215> : Creating shared instance of singleton bean 'org.springframework.context.annotation.ConfigurationClassPostProcessor.importAwareProcessor'
{DEBUG} [2013-06-04 21:56:34,261] <org.springframework.beans.factory.support.DefaultListableBeanFactory 435> : Creating instance of bean 'org.springframework.context.annotation.ConfigurationClassPostProcessor.importAwareProcessor'
{DEBUG} [2013-06-04 21:56:34,277] <org.springframework.beans.factory.support.DefaultListableBeanFactory 509> : Eagerly caching bean 'org.springframework.context.annotation.ConfigurationClassPostProcessor.importAwareProcessor' to allow for resolving potential circular references
{DEBUG} [2013-06-04 21:56:34,277] <org.springframework.beans.factory.support.DefaultListableBeanFactory 463> : Finished creating instance of bean 'org.springframework.context.annotation.ConfigurationClassPostProcessor.importAwareProcessor'
{DEBUG} [2013-06-04 21:56:34,323] <org.springframework.context.support.ClassPathXmlApplicationContext 807> : Unable to locate MessageSource with name 'messageSource': using default [org.springframework.context.support.DelegatingMessageSource@1cee361]
{DEBUG} [2013-06-04 21:56:34,355] <org.springframework.context.support.ClassPathXmlApplicationContext 831> : Unable to locate ApplicationEventMulticaster with name 'applicationEventMulticaster': using default [org.springframework.context.event.SimpleApplicationEventMulticaster@8ef177]
{INFO } [2013-06-04 21:56:34,370] <org.springframework.beans.factory.support.DefaultListableBeanFactory 596> : Pre-instantiating singletons in org.springframework.beans.factory.support.DefaultListableBeanFactory@a33ce2: defining beans [mysqlDBAdapter,org.springframework.context.annotation.internalConfigurationAnnotationProcessor,org.springframework.context.annotation.internalAutowiredAnnotationProcessor,org.springframework.context.annotation.internalRequiredAnnotationProcessor,org.springframework.context.annotation.internalCommonAnnotationProcessor,dataSource,resolve,org.springframework.context.annotation.ConfigurationClassPostProcessor.importAwareProcessor]; root of factory hierarchy
{DEBUG} [2013-06-04 21:56:34,386] <org.springframework.beans.factory.support.DefaultListableBeanFactory 215> : Creating shared instance of singleton bean 'mysqlDBAdapter'
{DEBUG} [2013-06-04 21:56:34,386] <org.springframework.beans.factory.support.DefaultListableBeanFactory 435> : Creating instance of bean 'mysqlDBAdapter'
{DEBUG} [2013-06-04 21:56:34,401] <org.springframework.beans.factory.support.DefaultListableBeanFactory 509> : Eagerly caching bean 'mysqlDBAdapter' to allow for resolving potential circular references
{DEBUG} [2013-06-04 21:56:34,511] <org.springframework.beans.factory.support.DefaultListableBeanFactory 463> : Finished creating instance of bean 'mysqlDBAdapter'
{DEBUG} [2013-06-04 21:56:34,526] <org.springframework.beans.factory.support.DefaultListableBeanFactory 246> : Returning cached instance of singleton bean 'org.springframework.context.annotation.internalConfigurationAnnotationProcessor'
{DEBUG} [2013-06-04 21:56:34,526] <org.springframework.beans.factory.support.DefaultListableBeanFactory 246> : Returning cached instance of singleton bean 'org.springframework.context.annotation.internalAutowiredAnnotationProcessor'
{DEBUG} [2013-06-04 21:56:34,542] <org.springframework.beans.factory.support.DefaultListableBeanFactory 246> : Returning cached instance of singleton bean 'org.springframework.context.annotation.internalRequiredAnnotationProcessor'
{DEBUG} [2013-06-04 21:56:34,542] <org.springframework.beans.factory.support.DefaultListableBeanFactory 246> : Returning cached instance of singleton bean 'org.springframework.context.annotation.internalCommonAnnotationProcessor'
{DEBUG} [2013-06-04 21:56:34,558] <org.springframework.beans.factory.support.DefaultListableBeanFactory 215> : Creating shared instance of singleton bean 'dataSource'
{DEBUG} [2013-06-04 21:56:34,558] <org.springframework.beans.factory.support.DefaultListableBeanFactory 435> : Creating instance of bean 'dataSource'
{DEBUG} [2013-06-04 21:56:34,590] <org.springframework.beans.factory.support.DefaultListableBeanFactory 509> : Eagerly caching bean 'dataSource' to allow for resolving potential circular references
{DEBUG} [2013-06-04 21:56:34,668] <org.springframework.beans.factory.support.DefaultListableBeanFactory 463> : Finished creating instance of bean 'dataSource'
{DEBUG} [2013-06-04 21:56:34,683] <org.springframework.beans.factory.support.DefaultListableBeanFactory 215> : Creating shared instance of singleton bean 'resolve'
{DEBUG} [2013-06-04 21:56:34,683] <org.springframework.beans.factory.support.DefaultListableBeanFactory 435> : Creating instance of bean 'resolve'
{DEBUG} [2013-06-04 21:56:34,699] <org.springframework.beans.factory.support.DefaultListableBeanFactory 509> : Eagerly caching bean 'resolve' to allow for resolving potential circular references
{DEBUG} [2013-06-04 21:56:34,730] <org.springframework.beans.factory.support.DefaultListableBeanFactory 463> : Finished creating instance of bean 'resolve'
{DEBUG} [2013-06-04 21:56:34,730] <org.springframework.beans.factory.support.DefaultListableBeanFactory 246> : Returning cached instance of singleton bean 'org.springframework.context.annotation.ConfigurationClassPostProcessor.importAwareProcessor'
{DEBUG} [2013-06-04 21:56:34,746] <org.springframework.context.support.ClassPathXmlApplicationContext 858> : Unable to locate LifecycleProcessor with name 'lifecycleProcessor': using default [org.springframework.context.support.DefaultLifecycleProcessor@15ad1da]
{DEBUG} [2013-06-04 21:56:34,761] <org.springframework.beans.factory.support.DefaultListableBeanFactory 246> : Returning cached instance of singleton bean 'lifecycleProcessor'
{DEBUG} [2013-06-04 21:56:34,777] <org.springframework.core.env.PropertySourcesPropertyResolver 70> : Searching for key 'spring.liveBeansView.mbeanDomain' in [systemProperties]
{DEBUG} [2013-06-04 21:56:34,839] <org.springframework.core.env.PropertySourcesPropertyResolver 70> : Searching for key 'spring.liveBeansView.mbeanDomain' in [systemEnvironment]
{DEBUG} [2013-06-04 21:56:34,855] <org.springframework.core.env.PropertySourcesPropertyResolver 93> : Could not find key 'spring.liveBeansView.mbeanDomain' in any property source. Returning [null]
{DEBUG} [2013-06-04 22:03:00,269] <org.springframework.core.env.StandardEnvironment 112> : Initializing new StandardEnvironment
{DEBUG} [2013-06-04 22:03:00,274] <org.springframework.core.env.StandardEnvironment 107> : Adding [systemProperties] PropertySource with lowest search precedence
{DEBUG} [2013-06-04 22:03:00,274] <org.springframework.core.env.StandardEnvironment 107> : Adding [systemEnvironment] PropertySource with lowest search precedence
{DEBUG} [2013-06-04 22:03:00,274] <org.springframework.core.env.StandardEnvironment 116> : Initialized StandardEnvironment with PropertySources [systemProperties,systemEnvironment]
{INFO } [2013-06-04 22:03:00,279] <org.springframework.context.support.ClassPathXmlApplicationContext 510> : Refreshing org.springframework.context.support.ClassPathXmlApplicationContext@116471f: startup date [Tue Jun 04 22:03:00 CST 2013]; root of context hierarchy
{DEBUG} [2013-06-04 22:03:00,312] <org.springframework.core.env.StandardEnvironment 112> : Initializing new StandardEnvironment
{DEBUG} [2013-06-04 22:03:00,314] <org.springframework.core.env.StandardEnvironment 107> : Adding [systemProperties] PropertySource with lowest search precedence
{DEBUG} [2013-06-04 22:03:00,314] <org.springframework.core.env.StandardEnvironment 107> : Adding [systemEnvironment] PropertySource with lowest search precedence
{DEBUG} [2013-06-04 22:03:00,314] <org.springframework.core.env.StandardEnvironment 116> : Initialized StandardEnvironment with PropertySources [systemProperties,systemEnvironment]
{DEBUG} [2013-06-04 22:03:00,314] <org.springframework.core.env.StandardEnvironment 112> : Initializing new StandardEnvironment
{DEBUG} [2013-06-04 22:03:00,314] <org.springframework.core.env.StandardEnvironment 107> : Adding [systemProperties] PropertySource with lowest search precedence
{DEBUG} [2013-06-04 22:03:00,314] <org.springframework.core.env.StandardEnvironment 107> : Adding [systemEnvironment] PropertySource with lowest search precedence
{DEBUG} [2013-06-04 22:03:00,314] <org.springframework.core.env.StandardEnvironment 116> : Initialized StandardEnvironment with PropertySources [systemProperties,systemEnvironment]
{INFO } [2013-06-04 22:03:00,327] <org.springframework.beans.factory.xml.XmlBeanDefinitionReader 315> : Loading XML bean definitions from class path resource [spring-config.xml]
{DEBUG} [2013-06-04 22:03:00,327] <org.springframework.beans.factory.xml.DefaultDocumentLoader 72> : Using JAXP provider [org.apache.xerces.jaxp.DocumentBuilderFactoryImpl]
{DEBUG} [2013-06-04 22:03:00,417] <org.springframework.beans.factory.xml.PluggableSchemaResolver 140> : Loading schema mappings from [META-INF/spring.schemas]
{DEBUG} [2013-06-04 22:03:00,419] <org.springframework.beans.factory.xml.PluggableSchemaResolver 146> : Loaded schema mappings: {http://www.springframework.org/schema/util/spring-util.xsd=org/springframework/beans/factory/xml/spring-util-3.2.xsd, http://www.springframework.org/schema/jee/spring-jee-3.2.xsd=org/springframework/ejb/config/spring-jee-3.2.xsd, http://www.springframework.org/schema/beans/spring-beans-3.1.xsd=org/springframework/beans/factory/xml/spring-beans-3.1.xsd, http://www.springframework.org/schema/task/spring-task.xsd=org/springframework/scheduling/config/spring-task-3.2.xsd, http://www.springframework.org/schema/cache/spring-cache.xsd=org/springframework/cache/config/spring-cache-3.2.xsd, http://www.springframework.org/schema/aop/spring-aop-3.0.xsd=org/springframework/aop/config/spring-aop-3.0.xsd, http://www.springframework.org/schema/task/spring-task-3.1.xsd=org/springframework/scheduling/config/spring-task-3.1.xsd, http://www.springframework.org/schema/aop/spring-aop-2.0.xsd=org/springframework/aop/config/spring-aop-2.0.xsd, http://www.springframework.org/schema/tool/spring-tool-2.5.xsd=org/springframework/beans/factory/xml/spring-tool-2.5.xsd, http://www.springframework.org/schema/beans/spring-beans.xsd=org/springframework/beans/factory/xml/spring-beans-3.2.xsd, http://www.springframework.org/schema/jee/spring-jee-2.5.xsd=org/springframework/ejb/config/spring-jee-2.5.xsd, http://www.springframework.org/schema/jdbc/spring-jdbc-3.1.xsd=org/springframework/jdbc/config/spring-jdbc-3.1.xsd, http://www.springframework.org/schema/tool/spring-tool-3.1.xsd=org/springframework/beans/factory/xml/spring-tool-3.1.xsd, http://www.springframework.org/schema/jee/spring-jee-3.1.xsd=org/springframework/ejb/config/spring-jee-3.1.xsd, http://www.springframework.org/schema/aop/spring-aop.xsd=org/springframework/aop/config/spring-aop-3.2.xsd, http://www.springframework.org/schema/tx/spring-tx-3.2.xsd=org/springframework/transaction/config/spring-tx-3.2.xsd, http://www.springframework.org/schema/context/spring-context-3.2.xsd=org/springframework/context/config/spring-context-3.2.xsd, http://www.springframework.org/schema/util/spring-util-3.2.xsd=org/springframework/beans/factory/xml/spring-util-3.2.xsd, http://www.springframework.org/schema/beans/spring-beans-2.0.xsd=org/springframework/beans/factory/xml/spring-beans-2.0.xsd, http://www.springframework.org/schema/lang/spring-lang-3.2.xsd=org/springframework/scripting/config/spring-lang-3.2.xsd, http://www.springframework.org/schema/beans/spring-beans-3.0.xsd=org/springframework/beans/factory/xml/spring-beans-3.0.xsd, http://www.springframework.org/schema/cache/spring-cache-3.2.xsd=org/springframework/cache/config/spring-cache-3.2.xsd, http://www.springframework.org/schema/task/spring-task-3.0.xsd=org/springframework/scheduling/config/spring-task-3.0.xsd, http://www.springframework.org/schema/tx/spring-tx-2.5.xsd=org/springframework/transaction/config/spring-tx-2.5.xsd, http://www.springframework.org/schema/context/spring-context-2.5.xsd=org/springframework/context/config/spring-context-2.5.xsd, http://www.springframework.org/schema/jdbc/spring-jdbc-3.0.xsd=org/springframework/jdbc/config/spring-jdbc-3.0.xsd, http://www.springframework.org/schema/tool/spring-tool-3.0.xsd=org/springframework/beans/factory/xml/spring-tool-3.0.xsd, http://www.springframework.org/schema/util/spring-util-2.5.xsd=org/springframework/beans/factory/xml/spring-util-2.5.xsd, http://www.springframework.org/schema/tool/spring-tool-2.0.xsd=org/springframework/beans/factory/xml/spring-tool-2.0.xsd, http://www.springframework.org/schema/tx/spring-tx.xsd=org/springframework/transaction/config/spring-tx-3.2.xsd, http://www.springframework.org/schema/lang/spring-lang.xsd=org/springframework/scripting/config/spring-lang-3.2.xsd, http://www.springframework.org/schema/lang/spring-lang-2.5.xsd=org/springframework/scripting/config/spring-lang-2.5.xsd, http://www.springframework.org/schema/aop/spring-aop-3.2.xsd=org/springframework/aop/config/spring-aop-3.2.xsd, http://www.springframework.org/schema/jee/spring-jee-3.0.xsd=org/springframework/ejb/config/spring-jee-3.0.xsd, http://www.springframework.org/schema/tx/spring-tx-3.1.xsd=org/springframework/transaction/config/spring-tx-3.1.xsd, http://www.springframework.org/schema/jee/spring-jee-2.0.xsd=org/springframework/ejb/config/spring-jee-2.0.xsd, http://www.springframework.org/schema/context/spring-context-3.1.xsd=org/springframework/context/config/spring-context-3.1.xsd, http://www.springframework.org/schema/util/spring-util-3.1.xsd=org/springframework/beans/factory/xml/spring-util-3.1.xsd, http://www.springframework.org/schema/lang/spring-lang-3.1.xsd=org/springframework/scripting/config/spring-lang-3.1.xsd, http://www.springframework.org/schema/cache/spring-cache-3.1.xsd=org/springframework/cache/config/spring-cache-3.1.xsd, http://www.springframework.org/schema/context/spring-context.xsd=org/springframework/context/config/spring-context-3.2.xsd, http://www.springframework.org/schema/jee/spring-jee.xsd=org/springframework/ejb/config/spring-jee-3.2.xsd, http://www.springframework.org/schema/aop/spring-aop-2.5.xsd=org/springframework/aop/config/spring-aop-2.5.xsd, http://www.springframework.org/schema/jdbc/spring-jdbc.xsd=org/springframework/jdbc/config/spring-jdbc-3.2.xsd, http://www.springframework.org/schema/beans/spring-beans-3.2.xsd=org/springframework/beans/factory/xml/spring-beans-3.2.xsd, http://www.springframework.org/schema/tx/spring-tx-2.0.xsd=org/springframework/transaction/config/spring-tx-2.0.xsd, http://www.springframework.org/schema/aop/spring-aop-3.1.xsd=org/springframework/aop/config/spring-aop-3.1.xsd, http://www.springframework.org/schema/task/spring-task-3.2.xsd=org/springframework/scheduling/config/spring-task-3.2.xsd, http://www.springframework.org/schema/tx/spring-tx-3.0.xsd=org/springframework/transaction/config/spring-tx-3.0.xsd, http://www.springframework.org/schema/context/spring-context-3.0.xsd=org/springframework/context/config/spring-context-3.0.xsd, http://www.springframework.org/schema/tool/spring-tool.xsd=org/springframework/beans/factory/xml/spring-tool-3.2.xsd, http://www.springframework.org/schema/util/spring-util-3.0.xsd=org/springframework/beans/factory/xml/spring-util-3.0.xsd, http://www.springframework.org/schema/util/spring-util-2.0.xsd=org/springframework/beans/factory/xml/spring-util-2.0.xsd, http://www.springframework.org/schema/lang/spring-lang-3.0.xsd=org/springframework/scripting/config/spring-lang-3.0.xsd, http://www.springframework.org/schema/lang/spring-lang-2.0.xsd=org/springframework/scripting/config/spring-lang-2.0.xsd, http://www.springframework.org/schema/jdbc/spring-jdbc-3.2.xsd=org/springframework/jdbc/config/spring-jdbc-3.2.xsd, http://www.springframework.org/schema/tool/spring-tool-3.2.xsd=org/springframework/beans/factory/xml/spring-tool-3.2.xsd, http://www.springframework.org/schema/beans/spring-beans-2.5.xsd=org/springframework/beans/factory/xml/spring-beans-2.5.xsd}
{DEBUG} [2013-06-04 22:03:00,422] <org.springframework.beans.factory.xml.PluggableSchemaResolver 118> : Found XML schema [http://www.springframework.org/schema/beans/spring-beans-2.5.xsd] in classpath: org/springframework/beans/factory/xml/spring-beans-2.5.xsd
{DEBUG} [2013-06-04 22:03:00,464] <org.springframework.beans.factory.xml.PluggableSchemaResolver 118> : Found XML schema [http://www.springframework.org/schema/context/spring-context-2.5.xsd] in classpath: org/springframework/context/config/spring-context-2.5.xsd
{DEBUG} [2013-06-04 22:03:00,467] <org.springframework.beans.factory.xml.PluggableSchemaResolver 118> : Found XML schema [http://www.springframework.org/schema/tool/spring-tool-2.5.xsd] in classpath: org/springframework/beans/factory/xml/spring-tool-2.5.xsd
{DEBUG} [2013-06-04 22:03:00,477] <org.springframework.beans.factory.xml.DefaultBeanDefinitionDocumentReader 106> : Loading bean definitions
{DEBUG} [2013-06-04 22:03:00,489] <org.springframework.beans.factory.xml.DefaultNamespaceHandlerResolver 156> : Loaded NamespaceHandler mappings: {http://www.springframework.org/schema/p=org.springframework.beans.factory.xml.SimplePropertyNamespaceHandler, http://www.springframework.org/schema/util=org.springframework.beans.factory.xml.UtilNamespaceHandler, http://www.springframework.org/schema/jee=org.springframework.ejb.config.JeeNamespaceHandler, http://www.springframework.org/schema/aop=org.springframework.aop.config.AopNamespaceHandler, http://www.springframework.org/schema/jdbc=org.springframework.jdbc.config.JdbcNamespaceHandler, http://www.springframework.org/schema/cache=org.springframework.cache.config.CacheNamespaceHandler, http://www.springframework.org/schema/c=org.springframework.beans.factory.xml.SimpleConstructorNamespaceHandler, http://www.springframework.org/schema/tx=org.springframework.transaction.config.TxNamespaceHandler, http://www.springframework.org/schema/task=org.springframework.scheduling.config.TaskNamespaceHandler, http://www.springframework.org/schema/lang=org.springframework.scripting.config.LangNamespaceHandler, http://www.springframework.org/schema/context=org.springframework.context.config.ContextNamespaceHandler}
{DEBUG} [2013-06-04 22:03:00,502] <org.springframework.core.env.StandardEnvironment 112> : Initializing new StandardEnvironment
{DEBUG} [2013-06-04 22:03:00,502] <org.springframework.core.env.StandardEnvironment 107> : Adding [systemProperties] PropertySource with lowest search precedence
{DEBUG} [2013-06-04 22:03:00,502] <org.springframework.core.env.StandardEnvironment 107> : Adding [systemEnvironment] PropertySource with lowest search precedence
{DEBUG} [2013-06-04 22:03:00,502] <org.springframework.core.env.StandardEnvironment 116> : Initialized StandardEnvironment with PropertySources [systemProperties,systemEnvironment]
{DEBUG} [2013-06-04 22:03:00,514] <org.springframework.core.io.support.PathMatchingResourcePatternResolver 550> : Looking for matching resources in directory tree [E:\Project\databaseAdapter\target\classes\smt\middleware\database]
{DEBUG} [2013-06-04 22:03:00,514] <org.springframework.core.io.support.PathMatchingResourcePatternResolver 612> : Searching directory [E:\Project\databaseAdapter\target\classes\smt\middleware\database] for files matching pattern [E:/Project/databaseAdapter/target/classes/smt/middleware/database/**/*.class]
{DEBUG} [2013-06-04 22:03:00,517] <org.springframework.core.io.support.PathMatchingResourcePatternResolver 351> : Resolved location pattern [classpath*:smt/middleware/database/**/*.class] to resources [file [E:\Project\databaseAdapter\target\classes\smt\middleware\database\AbstractDataBase.class], file [E:\Project\databaseAdapter\target\classes\smt\middleware\database\DBConnect.class], file [E:\Project\databaseAdapter\target\classes\smt\middleware\database\DBConnection.class], file [E:\Project\databaseAdapter\target\classes\smt\middleware\database\DbContextHolder.class], file [E:\Project\databaseAdapter\target\classes\smt\middleware\database\DBOracle.class], file [E:\Project\databaseAdapter\target\classes\smt\middleware\database\DynamicDataSource.class], file [E:\Project\databaseAdapter\target\classes\smt\middleware\database\MysqlDBAdapter.class], file [E:\Project\databaseAdapter\target\classes\smt\middleware\database\ResolveDataSource.class]]
{DEBUG} [2013-06-04 22:03:00,544] <org.springframework.context.annotation.ClassPathBeanDefinitionScanner 264> : Identified candidate component class: file [E:\Project\databaseAdapter\target\classes\smt\middleware\database\MysqlDBAdapter.class]
{DEBUG} [2013-06-04 22:03:00,557] <org.springframework.beans.factory.xml.XmlBeanDefinitionReader 216> : Loaded 7 bean definitions from location pattern [spring-config.xml]
{DEBUG} [2013-06-04 22:03:00,557] <org.springframework.context.support.ClassPathXmlApplicationContext 540> : Bean factory for org.springframework.context.support.ClassPathXmlApplicationContext@116471f: org.springframework.beans.factory.support.DefaultListableBeanFactory@9945ce: defining beans [mysqlDBAdapter,org.springframework.context.annotation.internalConfigurationAnnotationProcessor,org.springframework.context.annotation.internalAutowiredAnnotationProcessor,org.springframework.context.annotation.internalRequiredAnnotationProcessor,org.springframework.context.annotation.internalCommonAnnotationProcessor,dataSource,resolve]; root of factory hierarchy
{DEBUG} [2013-06-04 22:03:00,569] <org.springframework.beans.factory.support.DefaultListableBeanFactory 215> : Creating shared instance of singleton bean 'org.springframework.context.annotation.internalConfigurationAnnotationProcessor'
{DEBUG} [2013-06-04 22:03:00,569] <org.springframework.beans.factory.support.DefaultListableBeanFactory 435> : Creating instance of bean 'org.springframework.context.annotation.internalConfigurationAnnotationProcessor'
{DEBUG} [2013-06-04 22:03:00,582] <org.springframework.beans.factory.support.DefaultListableBeanFactory 509> : Eagerly caching bean 'org.springframework.context.annotation.internalConfigurationAnnotationProcessor' to allow for resolving potential circular references
{DEBUG} [2013-06-04 22:03:00,584] <org.springframework.beans.factory.support.DefaultListableBeanFactory 463> : Finished creating instance of bean 'org.springframework.context.annotation.internalConfigurationAnnotationProcessor'
{DEBUG} [2013-06-04 22:03:00,607] <org.springframework.beans.factory.support.DefaultListableBeanFactory 215> : Creating shared instance of singleton bean 'org.springframework.context.annotation.internalAutowiredAnnotationProcessor'
{DEBUG} [2013-06-04 22:03:00,609] <org.springframework.beans.factory.support.DefaultListableBeanFactory 435> : Creating instance of bean 'org.springframework.context.annotation.internalAutowiredAnnotationProcessor'
{DEBUG} [2013-06-04 22:03:00,609] <org.springframework.beans.factory.support.DefaultListableBeanFactory 509> : Eagerly caching bean 'org.springframework.context.annotation.internalAutowiredAnnotationProcessor' to allow for resolving potential circular references
{DEBUG} [2013-06-04 22:03:00,609] <org.springframework.beans.factory.support.DefaultListableBeanFactory 463> : Finished creating instance of bean 'org.springframework.context.annotation.internalAutowiredAnnotationProcessor'
{DEBUG} [2013-06-04 22:03:00,612] <org.springframework.beans.factory.support.DefaultListableBeanFactory 215> : Creating shared instance of singleton bean 'org.springframework.context.annotation.internalRequiredAnnotationProcessor'
{DEBUG} [2013-06-04 22:03:00,612] <org.springframework.beans.factory.support.DefaultListableBeanFactory 435> : Creating instance of bean 'org.springframework.context.annotation.internalRequiredAnnotationProcessor'
{DEBUG} [2013-06-04 22:03:00,612] <org.springframework.beans.factory.support.DefaultListableBeanFactory 509> : Eagerly caching bean 'org.springframework.context.annotation.internalRequiredAnnotationProcessor' to allow for resolving potential circular references
{DEBUG} [2013-06-04 22:03:00,612] <org.springframework.beans.factory.support.DefaultListableBeanFactory 463> : Finished creating instance of bean 'org.springframework.context.annotation.internalRequiredAnnotationProcessor'
{DEBUG} [2013-06-04 22:03:00,612] <org.springframework.beans.factory.support.DefaultListableBeanFactory 215> : Creating shared instance of singleton bean 'org.springframework.context.annotation.internalCommonAnnotationProcessor'
{DEBUG} [2013-06-04 22:03:00,612] <org.springframework.beans.factory.support.DefaultListableBeanFactory 435> : Creating instance of bean 'org.springframework.context.annotation.internalCommonAnnotationProcessor'
{DEBUG} [2013-06-04 22:03:00,617] <org.springframework.beans.factory.support.DefaultListableBeanFactory 509> : Eagerly caching bean 'org.springframework.context.annotation.internalCommonAnnotationProcessor' to allow for resolving potential circular references
{DEBUG} [2013-06-04 22:03:00,617] <org.springframework.beans.factory.support.DefaultListableBeanFactory 463> : Finished creating instance of bean 'org.springframework.context.annotation.internalCommonAnnotationProcessor'
{DEBUG} [2013-06-04 22:03:00,617] <org.springframework.beans.factory.support.DefaultListableBeanFactory 215> : Creating shared instance of singleton bean 'org.springframework.context.annotation.ConfigurationClassPostProcessor.importAwareProcessor'
{DEBUG} [2013-06-04 22:03:00,617] <org.springframework.beans.factory.support.DefaultListableBeanFactory 435> : Creating instance of bean 'org.springframework.context.annotation.ConfigurationClassPostProcessor.importAwareProcessor'
{DEBUG} [2013-06-04 22:03:00,617] <org.springframework.beans.factory.support.DefaultListableBeanFactory 509> : Eagerly caching bean 'org.springframework.context.annotation.ConfigurationClassPostProcessor.importAwareProcessor' to allow for resolving potential circular references
{DEBUG} [2013-06-04 22:03:00,617] <org.springframework.beans.factory.support.DefaultListableBeanFactory 463> : Finished creating instance of bean 'org.springframework.context.annotation.ConfigurationClassPostProcessor.importAwareProcessor'
{DEBUG} [2013-06-04 22:03:00,622] <org.springframework.context.support.ClassPathXmlApplicationContext 807> : Unable to locate MessageSource with name 'messageSource': using default [org.springframework.context.support.DelegatingMessageSource@7109c4]
{DEBUG} [2013-06-04 22:03:00,624] <org.springframework.context.support.ClassPathXmlApplicationContext 831> : Unable to locate ApplicationEventMulticaster with name 'applicationEventMulticaster': using default [org.springframework.context.event.SimpleApplicationEventMulticaster@136a43c]
{INFO } [2013-06-04 22:03:00,627] <org.springframework.beans.factory.support.DefaultListableBeanFactory 596> : Pre-instantiating singletons in org.springframework.beans.factory.support.DefaultListableBeanFactory@9945ce: defining beans [mysqlDBAdapter,org.springframework.context.annotation.internalConfigurationAnnotationProcessor,org.springframework.context.annotation.internalAutowiredAnnotationProcessor,org.springframework.context.annotation.internalRequiredAnnotationProcessor,org.springframework.context.annotation.internalCommonAnnotationProcessor,dataSource,resolve,org.springframework.context.annotation.ConfigurationClassPostProcessor.importAwareProcessor]; root of factory hierarchy
{DEBUG} [2013-06-04 22:03:00,627] <org.springframework.beans.factory.support.DefaultListableBeanFactory 215> : Creating shared instance of singleton bean 'mysqlDBAdapter'
{DEBUG} [2013-06-04 22:03:00,627] <org.springframework.beans.factory.support.DefaultListableBeanFactory 435> : Creating instance of bean 'mysqlDBAdapter'
{DEBUG} [2013-06-04 22:03:00,632] <org.springframework.beans.factory.support.DefaultListableBeanFactory 509> : Eagerly caching bean 'mysqlDBAdapter' to allow for resolving potential circular references
{DEBUG} [2013-06-04 22:03:00,642] <org.springframework.beans.factory.support.DefaultListableBeanFactory 463> : Finished creating instance of bean 'mysqlDBAdapter'
{DEBUG} [2013-06-04 22:03:00,642] <org.springframework.beans.factory.support.DefaultListableBeanFactory 246> : Returning cached instance of singleton bean 'org.springframework.context.annotation.internalConfigurationAnnotationProcessor'
{DEBUG} [2013-06-04 22:03:00,642] <org.springframework.beans.factory.support.DefaultListableBeanFactory 246> : Returning cached instance of singleton bean 'org.springframework.context.annotation.internalAutowiredAnnotationProcessor'
{DEBUG} [2013-06-04 22:03:00,642] <org.springframework.beans.factory.support.DefaultListableBeanFactory 246> : Returning cached instance of singleton bean 'org.springframework.context.annotation.internalRequiredAnnotationProcessor'
{DEBUG} [2013-06-04 22:03:00,642] <org.springframework.beans.factory.support.DefaultListableBeanFactory 246> : Returning cached instance of singleton bean 'org.springframework.context.annotation.internalCommonAnnotationProcessor'
{DEBUG} [2013-06-04 22:03:00,642] <org.springframework.beans.factory.support.DefaultListableBeanFactory 215> : Creating shared instance of singleton bean 'dataSource'
{DEBUG} [2013-06-04 22:03:00,642] <org.springframework.beans.factory.support.DefaultListableBeanFactory 435> : Creating instance of bean 'dataSource'
{DEBUG} [2013-06-04 22:03:00,647] <org.springframework.beans.factory.support.DefaultListableBeanFactory 509> : Eagerly caching bean 'dataSource' to allow for resolving potential circular references
{DEBUG} [2013-06-04 22:03:00,649] <org.springframework.beans.factory.support.DefaultListableBeanFactory 463> : Finished creating instance of bean 'dataSource'
{DEBUG} [2013-06-04 22:03:00,649] <org.springframework.beans.factory.support.DefaultListableBeanFactory 215> : Creating shared instance of singleton bean 'resolve'
{DEBUG} [2013-06-04 22:03:00,649] <org.springframework.beans.factory.support.DefaultListableBeanFactory 435> : Creating instance of bean 'resolve'
{DEBUG} [2013-06-04 22:03:00,649] <org.springframework.beans.factory.support.DefaultListableBeanFactory 509> : Eagerly caching bean 'resolve' to allow for resolving potential circular references
{DEBUG} [2013-06-04 22:03:00,652] <org.springframework.beans.factory.support.DefaultListableBeanFactory 463> : Finished creating instance of bean 'resolve'
{DEBUG} [2013-06-04 22:03:00,652] <org.springframework.beans.factory.support.DefaultListableBeanFactory 246> : Returning cached instance of singleton bean 'org.springframework.context.annotation.ConfigurationClassPostProcessor.importAwareProcessor'
{DEBUG} [2013-06-04 22:03:00,652] <org.springframework.context.support.ClassPathXmlApplicationContext 858> : Unable to locate LifecycleProcessor with name 'lifecycleProcessor': using default [org.springframework.context.support.DefaultLifecycleProcessor@1f78040]
{DEBUG} [2013-06-04 22:03:00,652] <org.springframework.beans.factory.support.DefaultListableBeanFactory 246> : Returning cached instance of singleton bean 'lifecycleProcessor'
{DEBUG} [2013-06-04 22:03:00,654] <org.springframework.core.env.PropertySourcesPropertyResolver 70> : Searching for key 'spring.liveBeansView.mbeanDomain' in [systemProperties]
{DEBUG} [2013-06-04 22:03:00,654] <org.springframework.core.env.PropertySourcesPropertyResolver 70> : Searching for key 'spring.liveBeansView.mbeanDomain' in [systemEnvironment]
{DEBUG} [2013-06-04 22:03:00,654] <org.springframework.core.env.PropertySourcesPropertyResolver 93> : Could not find key 'spring.liveBeansView.mbeanDomain' in any property source. Returning [null]
